Archive member included to satisfy reference by file (symbol)

D:/Installed Programs/STM32CubeIDE_1.13.2/STM32CubeIDE/plugins/com.st.stm32cube.ide.mcu.externaltools.gnu-tools-for-stm32.11.3.rel1.win32_1.1.1.202309131626/tools/bin/../lib/gcc/arm-none-eabi/11.3.1/../../../../arm-none-eabi/lib/thumb/v7e-m+fp/hard\libc_nano.a(libc_a-exit.o)
                              D:/Installed Programs/STM32CubeIDE_1.13.2/STM32CubeIDE/plugins/com.st.stm32cube.ide.mcu.externaltools.gnu-tools-for-stm32.11.3.rel1.win32_1.1.1.202309131626/tools/bin/../lib/gcc/arm-none-eabi/11.3.1/../../../../arm-none-eabi/lib/thumb/v7e-m+fp/hard/crt0.o (exit)
D:/Installed Programs/STM32CubeIDE_1.13.2/STM32CubeIDE/plugins/com.st.stm32cube.ide.mcu.externaltools.gnu-tools-for-stm32.11.3.rel1.win32_1.1.1.202309131626/tools/bin/../lib/gcc/arm-none-eabi/11.3.1/../../../../arm-none-eabi/lib/thumb/v7e-m+fp/hard\libc_nano.a(libc_a-findfp.o)
                              D:/Installed Programs/STM32CubeIDE_1.13.2/STM32CubeIDE/plugins/com.st.stm32cube.ide.mcu.externaltools.gnu-tools-for-stm32.11.3.rel1.win32_1.1.1.202309131626/tools/bin/../lib/gcc/arm-none-eabi/11.3.1/../../../../arm-none-eabi/lib/thumb/v7e-m+fp/hard\libc_nano.a(libc_a-exit.o) (__stdio_exit_handler)
D:/Installed Programs/STM32CubeIDE_1.13.2/STM32CubeIDE/plugins/com.st.stm32cube.ide.mcu.externaltools.gnu-tools-for-stm32.11.3.rel1.win32_1.1.1.202309131626/tools/bin/../lib/gcc/arm-none-eabi/11.3.1/../../../../arm-none-eabi/lib/thumb/v7e-m+fp/hard\libc_nano.a(libc_a-fwalk.o)
                              D:/Installed Programs/STM32CubeIDE_1.13.2/STM32CubeIDE/plugins/com.st.stm32cube.ide.mcu.externaltools.gnu-tools-for-stm32.11.3.rel1.win32_1.1.1.202309131626/tools/bin/../lib/gcc/arm-none-eabi/11.3.1/../../../../arm-none-eabi/lib/thumb/v7e-m+fp/hard\libc_nano.a(libc_a-findfp.o) (_fwalk_sglue)
D:/Installed Programs/STM32CubeIDE_1.13.2/STM32CubeIDE/plugins/com.st.stm32cube.ide.mcu.externaltools.gnu-tools-for-stm32.11.3.rel1.win32_1.1.1.202309131626/tools/bin/../lib/gcc/arm-none-eabi/11.3.1/../../../../arm-none-eabi/lib/thumb/v7e-m+fp/hard\libc_nano.a(libc_a-stdio.o)
                              D:/Installed Programs/STM32CubeIDE_1.13.2/STM32CubeIDE/plugins/com.st.stm32cube.ide.mcu.externaltools.gnu-tools-for-stm32.11.3.rel1.win32_1.1.1.202309131626/tools/bin/../lib/gcc/arm-none-eabi/11.3.1/../../../../arm-none-eabi/lib/thumb/v7e-m+fp/hard\libc_nano.a(libc_a-findfp.o) (__sread)
D:/Installed Programs/STM32CubeIDE_1.13.2/STM32CubeIDE/plugins/com.st.stm32cube.ide.mcu.externaltools.gnu-tools-for-stm32.11.3.rel1.win32_1.1.1.202309131626/tools/bin/../lib/gcc/arm-none-eabi/11.3.1/../../../../arm-none-eabi/lib/thumb/v7e-m+fp/hard\libc_nano.a(libc_a-memset.o)
                              D:/Installed Programs/STM32CubeIDE_1.13.2/STM32CubeIDE/plugins/com.st.stm32cube.ide.mcu.externaltools.gnu-tools-for-stm32.11.3.rel1.win32_1.1.1.202309131626/tools/bin/../lib/gcc/arm-none-eabi/11.3.1/../../../../arm-none-eabi/lib/thumb/v7e-m+fp/hard/crt0.o (memset)
D:/Installed Programs/STM32CubeIDE_1.13.2/STM32CubeIDE/plugins/com.st.stm32cube.ide.mcu.externaltools.gnu-tools-for-stm32.11.3.rel1.win32_1.1.1.202309131626/tools/bin/../lib/gcc/arm-none-eabi/11.3.1/../../../../arm-none-eabi/lib/thumb/v7e-m+fp/hard\libc_nano.a(libc_a-closer.o)
                              D:/Installed Programs/STM32CubeIDE_1.13.2/STM32CubeIDE/plugins/com.st.stm32cube.ide.mcu.externaltools.gnu-tools-for-stm32.11.3.rel1.win32_1.1.1.202309131626/tools/bin/../lib/gcc/arm-none-eabi/11.3.1/../../../../arm-none-eabi/lib/thumb/v7e-m+fp/hard\libc_nano.a(libc_a-stdio.o) (_close_r)
D:/Installed Programs/STM32CubeIDE_1.13.2/STM32CubeIDE/plugins/com.st.stm32cube.ide.mcu.externaltools.gnu-tools-for-stm32.11.3.rel1.win32_1.1.1.202309131626/tools/bin/../lib/gcc/arm-none-eabi/11.3.1/../../../../arm-none-eabi/lib/thumb/v7e-m+fp/hard\libc_nano.a(libc_a-reent.o)
                              D:/Installed Programs/STM32CubeIDE_1.13.2/STM32CubeIDE/plugins/com.st.stm32cube.ide.mcu.externaltools.gnu-tools-for-stm32.11.3.rel1.win32_1.1.1.202309131626/tools/bin/../lib/gcc/arm-none-eabi/11.3.1/../../../../arm-none-eabi/lib/thumb/v7e-m+fp/hard\libc_nano.a(libc_a-closer.o) (errno)
D:/Installed Programs/STM32CubeIDE_1.13.2/STM32CubeIDE/plugins/com.st.stm32cube.ide.mcu.externaltools.gnu-tools-for-stm32.11.3.rel1.win32_1.1.1.202309131626/tools/bin/../lib/gcc/arm-none-eabi/11.3.1/../../../../arm-none-eabi/lib/thumb/v7e-m+fp/hard\libc_nano.a(libc_a-impure.o)
                              D:/Installed Programs/STM32CubeIDE_1.13.2/STM32CubeIDE/plugins/com.st.stm32cube.ide.mcu.externaltools.gnu-tools-for-stm32.11.3.rel1.win32_1.1.1.202309131626/tools/bin/../lib/gcc/arm-none-eabi/11.3.1/../../../../arm-none-eabi/lib/thumb/v7e-m+fp/hard\libc_nano.a(libc_a-reent.o) (_impure_ptr)
[...]
Memory Configuration

Name             Origin             Length             Attributes
RAM              0x0000000020000000 0x0000000000010000 xrw
FLASH            0x0000000008000000 0x0000000000040000 xr
*default*        0x0000000000000000 0xffffffffffffffff

Linker script and memory map

LOAD D:/Installed Programs/STM32CubeIDE_1.13.2/STM32CubeIDE/plugins/com.st.stm32cube.ide.mcu.externaltools.gnu-tools-for-stm32.11.3.rel1.win32_1.1.1.202309131626/tools/bin/../lib/gcc/arm-none-eabi/11.3.1/thumb/v7e-m+fp/hard/crti.o
LOAD D:/Installed Programs/STM32CubeIDE_1.13.2/STM32CubeIDE/plugins/com.st.stm32cube.ide.mcu.externaltools.gnu-tools-for-stm32.11.3.rel1.win32_1.1.1.202309131626/tools/bin/../lib/gcc/arm-none-eabi/11.3.1/thumb/v7e-m+fp/hard/crtbegin.o
LOAD D:/Installed Programs/STM32CubeIDE_1.13.2/STM32CubeIDE/plugins/com.st.stm32cube.ide.mcu.externaltools.gnu-tools-for-stm32.11.3.rel1.win32_1.1.1.202309131626/tools/bin/../lib/gcc/arm-none-eabi/11.3.1/../../../../arm-none-eabi/lib/thumb/v7e-m+fp/hard/crt0.o
LOAD ./Src/HAL/BUTTON/BUTTON_Lcfg.o
LOAD ./Src/HAL/BUTTON/BUTTON_program.o
LOAD ./Src/HAL/IR_Receiver/IR_Lcfg.o
LOAD ./Src/HAL/IR_Receiver/IR_program.o
LOAD ./Src/HAL/LED/LED_LCFG.o
LOAD ./Src/HAL/LED/LED_program.o
LOAD ./Src/HAL/LEDMAT/LEDMAT_LCFG.o
LOAD ./Src/HAL/LEDMAT/LEDMAT_font.o
LOAD ./Src/HAL/LEDMAT/LEDMAT_program.o
LOAD ./Src/HAL/R2R_DAC/R2RDAC_Lcfg.o
LOAD ./Src/HAL/R2R_DAC/R2RDAC_program.o
LOAD ./Src/HAL/RGB_LED/RGB_Lcfg.o
LOAD ./Src/HAL/RGB_LED/RGB_program.o
LOAD ./Src/HAL/SHIFT_REG_16BIT/SHIFTREG_Lcfg.o
LOAD ./Src/HAL/SHIFT_REG_16BIT/SHIFTREG_program.o
LOAD ./Src/MCAL/EXTI/EXTI_Lcfg.o
LOAD ./Src/MCAL/EXTI/EXTI_program.o
LOAD ./Src/MCAL/GPIO/GPIO_program.o
LOAD ./Src/MCAL/NVIC/NVIC_program.o
LOAD ./Src/MCAL/RCC/RCC_program.o
LOAD ./Src/MCAL/SCB/SCB_program.o
LOAD ./Src/MCAL/SPI/SPI_Lcfg.o
LOAD ./Src/MCAL/SPI/SPI_program.o
LOAD ./Src/MCAL/SYSTICK/SYSTICK_program.o
LOAD ./Src/Za3bola_Animation.o
LOAD ./Src/main.o
LOAD ./Src/syscalls.o
LOAD ./Src/sysmem.o
LOAD ./Startup/System_Init.o
LOAD ./Startup/startup_stm32f401ccux.o
START GROUP
LOAD D:/Installed Programs/STM32CubeIDE_1.13.2/STM32CubeIDE/plugins/com.st.stm32cube.ide.mcu.externaltools.gnu-tools-for-stm32.11.3.rel1.win32_1.1.1.202309131626/tools/bin/../lib/gcc/arm-none-eabi/11.3.1/../../../../arm-none-eabi/lib/thumb/v7e-m+fp/hard\libc_nano.a
LOAD D:/Installed Programs/STM32CubeIDE_1.13.2/STM32CubeIDE/plugins/com.st.stm32cube.ide.mcu.externaltools.gnu-tools-for-stm32.11.3.rel1.win32_1.1.1.202309131626/tools/bin/../lib/gcc/arm-none-eabi/11.3.1/../../../../arm-none-eabi/lib/thumb/v7e-m+fp/hard\libm.a
END GROUP
START GROUP
LOAD D:/Installed Programs/STM32CubeIDE_1.13.2/STM32CubeIDE/plugins/com.st.stm32cube.ide.mcu.externaltools.gnu-tools-for-stm32.11.3.rel1.win32_1.1.1.202309131626/tools/bin/../lib/gcc/arm-none-eabi/11.3.1/thumb/v7e-m+fp/hard\libgcc.a
LOAD D:/Installed Programs/STM32CubeIDE_1.13.2/STM32CubeIDE/plugins/com.st.stm32cube.ide.mcu.externaltools.gnu-tools-for-stm32.11.3.rel1.win32_1.1.1.202309131626/tools/bin/../lib/gcc/arm-none-eabi/11.3.1/../../../../arm-none-eabi/lib/thumb/v7e-m+fp/hard\libc_nano.a
END GROUP
START GROUP
LOAD D:/Installed Programs/STM32CubeIDE_1.13.2/STM32CubeIDE/plugins/com.st.stm32cube.ide.mcu.externaltools.gnu-tools-for-stm32.11.3.rel1.win32_1.1.1.202309131626/tools/bin/../lib/gcc/arm-none-eabi/11.3.1/thumb/v7e-m+fp/hard\libgcc.a
LOAD D:/Installed Programs/STM32CubeIDE_1.13.2/STM32CubeIDE/plugins/com.st.stm32cube.ide.mcu.externaltools.gnu-tools-for-stm32.11.3.rel1.win32_1.1.1.202309131626/tools/bin/../lib/gcc/arm-none-eabi/11.3.1/../../../../arm-none-eabi/lib/thumb/v7e-m+fp/hard\libc_nano.a
LOAD D:/Installed Programs/STM32CubeIDE_1.13.2/STM32CubeIDE/plugins/com.st.stm32cube.ide.mcu.externaltools.gnu-tools-for-stm32.11.3.rel1.win32_1.1.1.202309131626/tools/bin/../lib/gcc/arm-none-eabi/11.3.1/../../../../arm-none-eabi/lib/thumb/v7e-m+fp/hard\libnosys.a
END GROUP
START GROUP
LOAD D:/Installed Programs/STM32CubeIDE_1.13.2/STM32CubeIDE/plugins/com.st.stm32cube.ide.mcu.externaltools.gnu-tools-for-stm32.11.3.rel1.win32_1.1.1.202309131626/tools/bin/../lib/gcc/arm-none-eabi/11.3.1/thumb/v7e-m+fp/hard\libgcc.a
LOAD D:/Installed Programs/STM32CubeIDE_1.13.2/STM32CubeIDE/plugins/com.st.stm32cube.ide.mcu.externaltools.gnu-tools-for-stm32.11.3.rel1.win32_1.1.1.202309131626/tools/bin/../lib/gcc/arm-none-eabi/11.3.1/../../../../arm-none-eabi/lib/thumb/v7e-m+fp/hard\libc_nano.a
LOAD D:/Installed Programs/STM32CubeIDE_1.13.2/STM32CubeIDE/plugins/com.st.stm32cube.ide.mcu.externaltools.gnu-tools-for-stm32.11.3.rel1.win32_1.1.1.202309131626/tools/bin/../lib/gcc/arm-none-eabi/11.3.1/../../../../arm-none-eabi/lib/thumb/v7e-m+fp/hard\libnosys.a
END GROUP
LOAD D:/Installed Programs/STM32CubeIDE_1.13.2/STM32CubeIDE/plugins/com.st.stm32cube.ide.mcu.externaltools.gnu-tools-for-stm32.11.3.rel1.win32_1.1.1.202309131626/tools/bin/../lib/gcc/arm-none-eabi/11.3.1/thumb/v7e-m+fp/hard/crtend.o
LOAD D:/Installed Programs/STM32CubeIDE_1.13.2/STM32CubeIDE/plugins/com.st.stm32cube.ide.mcu.externaltools.gnu-tools-for-stm32.11.3.rel1.win32_1.1.1.202309131626/tools/bin/../lib/gcc/arm-none-eabi/11.3.1/thumb/v7e-m+fp/hard/crtn.o
                0x0000000020010000                _estack = (ORIGIN (RAM) + LENGTH (RAM))
                0x0000000000000200                _Min_Heap_Size = 0x200
                0x0000000000000400                _Min_Stack_Size = 0x400

.isr_vector     0x0000000008000000      0x194
                0x0000000008000000                . = ALIGN (0x4)
 *(.isr_vector)
 .isr_vector    0x0000000008000000      0x194 ./Startup/startup_stm32f401ccux.o
                0x0000000008000000                g_pfnVectors
                0x0000000008000194                . = ALIGN (0x4)

.text           0x0000000008000194     0x1774
                0x0000000008000194                . = ALIGN (0x4)
 *(.text)
 .text          0x0000000008000194       0x40 D:/Installed Programs/STM32CubeIDE_1.13.2/STM32CubeIDE/plugins/com.st.stm32cube.ide.mcu.externaltools.gnu-tools-for-stm32.11.3.rel1.win32_1.1.1.202309131626/tools/bin/../lib/gcc/arm-none-eabi/11.3.1/thumb/v7e-m+fp/hard/crtbegin.o
 .text          0x00000000080001d4      0x254 D:/Installed Programs/STM32CubeIDE_1.13.2/STM32CubeIDE/plugins/com.st.stm32cube.ide.mcu.externaltools.gnu-tools-for-stm32.11.3.rel1.win32_1.1.1.202309131626/tools/bin/../lib/gcc/arm-none-eabi/11.3.1/thumb/v7e-m+fp/hard\libgcc.a(_arm_muldf3.o)
                0x00000000080001d4                __muldf3
                0x00000000080001d4                __aeabi_dmul
 .text          0x0000000008000428      0x378 D:/Installed Programs/STM32CubeIDE_1.13.2/STM32CubeIDE/plugins/com.st.stm32cube.ide.mcu.externaltools.gnu-tools-for-stm32.11.3.rel1.win32_1.1.1.202309131626/tools/bin/../lib/gcc/arm-none-eabi/11.3.1/thumb/v7e-m+fp/hard\libgcc.a(_arm_addsubdf3.o)
                0x0000000008000428                __aeabi_drsub
                0x0000000008000430                __aeabi_dsub
                0x0000000008000430                __subdf3
                0x0000000008000434                __aeabi_dadd
                0x0000000008000434                __adddf3
                0x00000000080006ac                __floatunsidf
                0x00000000080006ac                __aeabi_ui2d
                0x00000000080006cc                __floatsidf
                0x00000000080006cc                __aeabi_i2d
                0x00000000080006f0                __aeabi_f2d
                0x00000000080006f0                __extendsfdf2
                0x0000000008000734                __floatundidf
                0x0000000008000734                __aeabi_ul2d
                0x0000000008000744                __floatdidf
                0x0000000008000744                __aeabi_l2d
 .text          0x00000000080007a0       0x40 D:/Installed Programs/STM32CubeIDE_1.13.2/STM32CubeIDE/plugins/com.st.stm32cube.ide.mcu.externaltools.gnu-tools-for-stm32.11.3.rel1.win32_1.1.1.202309131626/tools/bin/../lib/gcc/arm-none-eabi/11.3.1/thumb/v7e-m+fp/hard\libgcc.a(_arm_fixunsdfsi.o)
                0x00000000080007a0                __aeabi_d2uiz
                0x00000000080007a0                __fixunsdfsi
 *(.text*)
 .text.LEDMAT_SysTick_CallBack_Handler
                0x00000000080007e0       0x18 ./Src/HAL/LEDMAT/LEDMAT_program.o
 .text.voidDisableAllRows
                0x00000000080007f8       0x56 ./Src/HAL/LEDMAT/LEDMAT_program.o
 .text.voidDisableAllColumns
                0x000000000800084e       0x54 ./Src/HAL/LEDMAT/LEDMAT_program.o
 *fill*         0x00000000080008a2        0x2 
 .text.voidUpdateScreen_WithDelay
                0x00000000080008a4      0x158 ./Src/HAL/LEDMAT/LEDMAT_program.o
 .text.voidClearLEDMATBuffer
                0x00000000080009fc       0x1e ./Src/HAL/LEDMAT/LEDMAT_program.o
 .text.voidScrollLeft
                0x0000000008000a1a       0x42 ./Src/HAL/LEDMAT/LEDMAT_program.o
 .text.Frame_delay
                0x0000000008000a5c       0x2a ./Src/HAL/LEDMAT/LEDMAT_program.o
 .text.HLEDMAT_voidInit
                0x0000000008000a86       0x1a ./Src/HAL/LEDMAT/LEDMAT_program.o
                0x0000000008000a86                HLEDMAT_voidInit
 .text.HLEDMAT_voidDisplayFrameWithDelay
                0x0000000008000aa0      0x168 ./Src/HAL/LEDMAT/LEDMAT_program.o
                0x0000000008000aa0                HLEDMAT_voidDisplayFrameWithDelay
 .text.HLEDMAT_voidDisplayScrollingString
                0x0000000008000c08       0xc4 ./Src/HAL/LEDMAT/LEDMAT_program.o
                0x0000000008000c08                HLEDMAT_voidDisplayScrollingString
 .text.SHIFTREG_voidPinInit
                0x0000000008000ccc       0x70 ./Src/HAL/SHIFT_REG_16BIT/SHIFTREG_program.o
 .text.SHIFTREG_voidInit
                0x0000000008000d3c       0x40 ./Src/HAL/SHIFT_REG_16BIT/SHIFTREG_program.o
                0x0000000008000d3c                SHIFTREG_voidInit
 .text.SHIFTREG_voidLatchData
                0x0000000008000d7c       0x8c ./Src/HAL/SHIFT_REG_16BIT/SHIFTREG_program.o
                0x0000000008000d7c                SHIFTREG_voidLatchData
 .text.MEXTI_voidClearPendingFlag
                0x0000000008000e08       0x30 ./Src/MCAL/EXTI/EXTI_program.o
                0x0000000008000e08                MEXTI_voidClearPendingFlag
 .text.MEXTI_u8GetPendingFlag
                0x0000000008000e38       0x2c ./Src/MCAL/EXTI/EXTI_program.o
                0x0000000008000e38                MEXTI_u8GetPendingFlag
 .text.EXTI0_IRQHandler
                0x0000000008000e64       0x20 ./Src/MCAL/EXTI/EXTI_program.o
                0x0000000008000e64                EXTI0_IRQHandler
 .text.EXTI1_IRQHandler
                0x0000000008000e84       0x20 ./Src/MCAL/EXTI/EXTI_program.o
                0x0000000008000e84                EXTI1_IRQHandler
 .text.EXTI2_IRQHandler
                0x0000000008000ea4       0x20 ./Src/MCAL/EXTI/EXTI_program.o
                0x0000000008000ea4                EXTI2_IRQHandler
 .text.EXTI3_IRQHandler
                0x0000000008000ec4       0x20 ./Src/MCAL/EXTI/EXTI_program.o
                0x0000000008000ec4                EXTI3_IRQHandler
 .text.EXTI4_IRQHandler
                0x0000000008000ee4       0x20 ./Src/MCAL/EXTI/EXTI_program.o
                0x0000000008000ee4                EXTI4_IRQHandler
 .text.EXTI9_5_IRQHandler
                0x0000000008000f04       0xb4 ./Src/MCAL/EXTI/EXTI_program.o
                0x0000000008000f04                EXTI9_5_IRQHandler
 .text.EXTI15_10_IRQHandler
                0x0000000008000fb8       0xd8 ./Src/MCAL/EXTI/EXTI_program.o
                0x0000000008000fb8                EXTI15_10_IRQHandler
 .text.GPIO_voidSetPinMode
                0x0000000008001090       0xb4 ./Src/MCAL/GPIO/GPIO_program.o
                0x0000000008001090                GPIO_voidSetPinMode
 .text.GPIO_voidSetPinOutputMode
                0x0000000008001144       0xa4 ./Src/MCAL/GPIO/GPIO_program.o
                0x0000000008001144                GPIO_voidSetPinOutputMode
 .text.GPIO_voidSetPinOutputSpeed
                0x00000000080011e8       0xb4 ./Src/MCAL/GPIO/GPIO_program.o
                0x00000000080011e8                GPIO_voidSetPinOutputSpeed
 .text.GPIO_voidSetPinValue
                0x000000000800129c       0xc0 ./Src/MCAL/GPIO/GPIO_program.o
                0x000000000800129c                GPIO_voidSetPinValue
 .text.MNVIC_voidInit
                0x000000000800135c        0xc ./Src/MCAL/NVIC/NVIC_program.o
                0x000000000800135c                MNVIC_voidInit
 .text.RCC_void_HSI_Init
                0x0000000008001368       0x60 ./Src/MCAL/RCC/RCC_program.o
 .text.RCC_void_AHB1Prescaler_Init
                0x00000000080013c8       0x28 ./Src/MCAL/RCC/RCC_program.o
 .text.RCC_void_APB1Prescaler_Init
                0x00000000080013f0       0x28 ./Src/MCAL/RCC/RCC_program.o
 .text.RCC_void_APB2Prescaler_Init
                0x0000000008001418       0x28 ./Src/MCAL/RCC/RCC_program.o
 .text.RCC_voidInit
                0x0000000008001440       0x18 ./Src/MCAL/RCC/RCC_program.o
                0x0000000008001440                RCC_voidInit
 .text.RCC_voidEnablePeripheralClock
                0x0000000008001458       0x80 ./Src/MCAL/RCC/RCC_program.o
                0x0000000008001458                RCC_voidEnablePeripheralClock
 .text.MSCB_voidSetPriorityGrouping
                0x00000000080014d8       0x48 ./Src/MCAL/SCB/SCB_program.o
                0x00000000080014d8                MSCB_voidSetPriorityGrouping
 .text.SPI1_IRQHandler
                0x0000000008001520        0xe ./Src/MCAL/SPI/SPI_program.o
                0x0000000008001520                SPI1_IRQHandler
 .text.SPI2_IRQHandler
                0x000000000800152e        0xe ./Src/MCAL/SPI/SPI_program.o
                0x000000000800152e                SPI2_IRQHandler
 .text.SPI3_IRQHandler
                0x000000000800153c        0xe ./Src/MCAL/SPI/SPI_program.o
                0x000000000800153c                SPI3_IRQHandler
 *fill*         0x000000000800154a        0x2 
 .text.MSysTick_voidInit
                0x000000000800154c       0x38 ./Src/MCAL/SYSTICK/SYSTICK_program.o
                0x000000000800154c                MSysTick_voidInit
 .text.MSysTick_voidDeInit
                0x0000000008001584       0x38 ./Src/MCAL/SYSTICK/SYSTICK_program.o
                0x0000000008001584                MSysTick_voidDeInit
 .text.SysTick_Handler
                0x00000000080015bc       0x2c ./Src/MCAL/SYSTICK/SYSTICK_program.o
                0x00000000080015bc                SysTick_Handler
 .text.MSysTick_void_ASYNC_Delay_ms
                0x00000000080015e8       0x8c ./Src/MCAL/SYSTICK/SYSTICK_program.o
                0x00000000080015e8                MSysTick_void_ASYNC_Delay_ms
 .text.Za3bola_Animations_Init
                0x0000000008001674       0x14 ./Src/Za3bola_Animation.o
                0x0000000008001674                Za3bola_Animations_Init
 .text.Za3bola_WelcomeMessage
                0x0000000008001688       0x1c ./Src/Za3bola_Animation.o
                0x0000000008001688                Za3bola_WelcomeMessage
 .text.Za3bola_Animation1
                0x00000000080016a4       0x60 ./Src/Za3bola_Animation.o
                0x00000000080016a4                Za3bola_Animation1
 .text.Za3bola_Animation2
                0x0000000008001704       0x4c ./Src/Za3bola_Animation.o
                0x0000000008001704                Za3bola_Animation2
 .text.Za3bola_Animation3
                0x0000000008001750       0xa8 ./Src/Za3bola_Animation.o
                0x0000000008001750                Za3bola_Animation3
 .text.main     0x00000000080017f8       0x1a ./Src/main.o
                0x00000000080017f8                main
 .text.SystemInit
                0x0000000008001812       0x14 ./Startup/System_Init.o
                0x0000000008001812                SystemInit
 *fill*         0x0000000008001826        0x2 
 .text.Reset_Handler
                0x0000000008001828       0x50 ./Startup/startup_stm32f401ccux.o
                0x0000000008001828                Reset_Handler
 .text.Default_Handler
                0x0000000008001878        0x2 ./Startup/startup_stm32f401ccux.o
                0x0000000008001878                DebugMon_Handler
                0x0000000008001878                SPI4_IRQHandler
                0x0000000008001878                TIM1_CC_IRQHandler
                0x0000000008001878                DMA2_Stream5_IRQHandler
                0x0000000008001878                HardFault_Handler
                0x0000000008001878                DMA1_Stream5_IRQHandler
                0x0000000008001878                SDIO_IRQHandler
                0x0000000008001878                TAMP_STAMP_IRQHandler
                0x0000000008001878                PendSV_Handler
                0x0000000008001878                NMI_Handler
                0x0000000008001878                TIM1_UP_TIM10_IRQHandler
                0x0000000008001878                I2C3_ER_IRQHandler
                0x0000000008001878                EXTI18_OTG_FS_WKUP_IRQHandler
                0x0000000008001878                I2C2_EV_IRQHandler
                0x0000000008001878                DMA1_Stream2_IRQHandler
                0x0000000008001878                UsageFault_Handler
                0x0000000008001878                DMA2_Stream2_IRQHandler
                0x0000000008001878                TIM1_BRK_TIM9_IRQHandler
                0x0000000008001878                DMA2_Stream3_IRQHandler
                0x0000000008001878                USART6_IRQHandler
                0x0000000008001878                DMA2_Stream0_IRQHandler
                0x0000000008001878                TIM4_IRQHandler
                0x0000000008001878                I2C1_EV_IRQHandler
                0x0000000008001878                DMA1_Stream6_IRQHandler
                0x0000000008001878                DMA1_Stream1_IRQHandler
                0x0000000008001878                TIM3_IRQHandler
                0x0000000008001878                RCC_IRQHandler
                0x0000000008001878                Default_Handler
                0x0000000008001878                ADC_IRQHandler
                0x0000000008001878                DMA1_Stream7_IRQHandler
                0x0000000008001878                TIM5_IRQHandler
                0x0000000008001878                DMA2_Stream7_IRQHandler
                0x0000000008001878                I2C3_EV_IRQHandler
                0x0000000008001878                MemManage_Handler
                0x0000000008001878                DMA1_Stream0_IRQHandler
                0x0000000008001878                SVC_Handler
                0x0000000008001878                EXTI22_RTC_WKUP_IRQHandler
                0x0000000008001878                TIM2_IRQHandler
                0x0000000008001878                EXTI16_PVD_IRQHandler
                0x0000000008001878                TIM1_TRG_COM_TIM11_IRQHandler
                0x0000000008001878                EXTI17_RTC_Alarm_IRQHandler
                0x0000000008001878                USART2_IRQHandler
                0x0000000008001878                I2C2_ER_IRQHandler
                0x0000000008001878                DMA2_Stream1_IRQHandler
                0x0000000008001878                FLASH_IRQHandler
                0x0000000008001878                DMA2_Stream4_IRQHandler
                0x0000000008001878                BusFault_Handler
                0x0000000008001878                USART1_IRQHandler
                0x0000000008001878                OTG_FS_IRQHandler
                0x0000000008001878                DMA1_Stream4_IRQHandler
                0x0000000008001878                I2C1_ER_IRQHandler
                0x0000000008001878                DMA2_Stream6_IRQHandler
                0x0000000008001878                DMA1_Stream3_IRQHandler
 .text.memset   0x000000000800187a       0x10 D:/Installed Programs/STM32CubeIDE_1.13.2/STM32CubeIDE/plugins/com.st.stm32cube.ide.mcu.externaltools.gnu-tools-for-stm32.11.3.rel1.win32_1.1.1.202309131626/tools/bin/../lib/gcc/arm-none-eabi/11.3.1/../../../../arm-none-eabi/lib/thumb/v7e-m+fp/hard\libc_nano.a(libc_a-memset.o)
                0x000000000800187a                memset
 *fill*         0x000000000800188a        0x2 
 .text.__libc_init_array
                0x000000000800188c       0x48 D:/Installed Programs/STM32CubeIDE_1.13.2/STM32CubeIDE/plugins/com.st.stm32cube.ide.mcu.externaltools.gnu-tools-for-stm32.11.3.rel1.win32_1.1.1.202309131626/tools/bin/../lib/gcc/arm-none-eabi/11.3.1/../../../../arm-none-eabi/lib/thumb/v7e-m+fp/hard\libc_nano.a(libc_a-init.o)
                0x000000000800188c                __libc_init_array
 .text.memcpy   0x00000000080018d4       0x1c D:/Installed Programs/STM32CubeIDE_1.13.2/STM32CubeIDE/plugins/com.st.stm32cube.ide.mcu.externaltools.gnu-tools-for-stm32.11.3.rel1.win32_1.1.1.202309131626/tools/bin/../lib/gcc/arm-none-eabi/11.3.1/../../../../arm-none-eabi/lib/thumb/v7e-m+fp/hard\libc_nano.a(libc_a-memcpy-stub.o)
                0x00000000080018d4                memcpy
 *(.glue_7)
 .glue_7        0x00000000080018f0        0x0 linker stubs
 *(.glue_7t)
 .glue_7t       0x00000000080018f0        0x0 linker stubs
 *(.eh_frame)
 .eh_frame      0x00000000080018f0        0x0 D:/Installed Programs/STM32CubeIDE_1.13.2/STM32CubeIDE/plugins/com.st.stm32cube.ide.mcu.externaltools.gnu-tools-for-stm32.11.3.rel1.win32_1.1.1.202309131626/tools/bin/../lib/gcc/arm-none-eabi/11.3.1/thumb/v7e-m+fp/hard/crtbegin.o
 *(.init)
 .init          0x00000000080018f0        0x4 D:/Installed Programs/STM32CubeIDE_1.13.2/STM32CubeIDE/plugins/com.st.stm32cube.ide.mcu.externaltools.gnu-tools-for-stm32.11.3.rel1.win32_1.1.1.202309131626/tools/bin/../lib/gcc/arm-none-eabi/11.3.1/thumb/v7e-m+fp/hard/crti.o
                0x00000000080018f0                _init
 .init          0x00000000080018f4        0x8 D:/Installed Programs/STM32CubeIDE_1.13.2/STM32CubeIDE/plugins/com.st.stm32cube.ide.mcu.externaltools.gnu-tools-for-stm32.11.3.rel1.win32_1.1.1.202309131626/tools/bin/../lib/gcc/arm-none-eabi/11.3.1/thumb/v7e-m+fp/hard/crtn.o
 *(.fini)
 .fini          0x00000000080018fc        0x4 D:/Installed Programs/STM32CubeIDE_1.13.2/STM32CubeIDE/plugins/com.st.stm32cube.ide.mcu.externaltools.gnu-tools-for-stm32.11.3.rel1.win32_1.1.1.202309131626/tools/bin/../lib/gcc/arm-none-eabi/11.3.1/thumb/v7e-m+fp/hard/crti.o
                0x00000000080018fc                _fini
 .fini          0x0000000008001900        0x8 D:/Installed Programs/STM32CubeIDE_1.13.2/STM32CubeIDE/plugins/com.st.stm32cube.ide.mcu.externaltools.gnu-tools-for-stm32.11.3.rel1.win32_1.1.1.202309131626/tools/bin/../lib/gcc/arm-none-eabi/11.3.1/thumb/v7e-m+fp/hard/crtn.o
                0x0000000008001908                . = ALIGN (0x4)
                0x0000000008001908                _etext = .

.vfp11_veneer   0x0000000008001908        0x0
 .vfp11_veneer  0x0000000008001908        0x0 linker stubs

.v4_bx          0x0000000008001908        0x0
 .v4_bx         0x0000000008001908        0x0 linker stubs

.iplt           0x0000000008001908        0x0
 .iplt          0x0000000008001908        0x0 D:/Installed Programs/STM32CubeIDE_1.13.2/STM32CubeIDE/plugins/com.st.stm32cube.ide.mcu.externaltools.gnu-tools-for-stm32.11.3.rel1.win32_1.1.1.202309131626/tools/bin/../lib/gcc/arm-none-eabi/11.3.1/thumb/v7e-m+fp/hard/crtbegin.o

.rodata         0x0000000008001908      0x358
                0x0000000008001908                . = ALIGN (0x4)
 *(.rodata)
 .rodata        0x0000000008001908        0x8 ./Src/Za3bola_Animation.o
 *(.rodata*)
 .rodata.Chr_font
                0x0000000008001910      0x2f8 ./Src/HAL/LEDMAT/LEDMAT_font.o
                0x0000000008001910                Chr_font
 .rodata.Za3bola_Animation1_Frame1
                0x0000000008001c08        0x8 ./Src/Za3bola_Animation.o
 .rodata.Za3bola_Animation1_Frame2
                0x0000000008001c10        0x8 ./Src/Za3bola_Animation.o
 .rodata.Za3bola_Animation1_Frame3
                0x0000000008001c18        0x8 ./Src/Za3bola_Animation.o
 .rodata.Za3bola_Animation2_Frame1
                0x0000000008001c20        0x8 ./Src/Za3bola_Animation.o
 .rodata.Za3bola_Animation2_Frame2
                0x0000000008001c28        0x8 ./Src/Za3bola_Animation.o
 .rodata.Za3bola_Animation3_Frame1
                0x0000000008001c30        0x8 ./Src/Za3bola_Animation.o
 .rodata.Za3bola_Animation3_Frame2
                0x0000000008001c38        0x8 ./Src/Za3bola_Animation.o
 .rodata.Za3bola_Animation3_Frame3
                0x0000000008001c40        0x8 ./Src/Za3bola_Animation.o
 .rodata.Za3bola_Animation3_Frame4
                0x0000000008001c48        0x8 ./Src/Za3bola_Animation.o
 .rodata.Za3bola_Animation3_Frame5
                0x0000000008001c50        0x8 ./Src/Za3bola_Animation.o
 .rodata.Za3bola_Animation3_Frame6
                0x0000000008001c58        0x8 ./Src/Za3bola_Animation.o
                0x0000000008001c60                . = ALIGN (0x4)

.rel.dyn        0x0000000008001c60        0x0
 .rel.iplt      0x0000000008001c60        0x0 D:/Installed Programs/STM32CubeIDE_1.13.2/STM32CubeIDE/plugins/com.st.stm32cube.ide.mcu.externaltools.gnu-tools-for-stm32.11.3.rel1.win32_1.1.1.202309131626/tools/bin/../lib/gcc/arm-none-eabi/11.3.1/thumb/v7e-m+fp/hard/crtbegin.o

.ARM.extab      0x0000000008001c60        0x0
                0x0000000008001c60                . = ALIGN (0x4)
 *(.ARM.extab* .gnu.linkonce.armextab.*)
                0x0000000008001c60                . = ALIGN (0x4)

.ARM            0x0000000008001c60        0x0
                0x0000000008001c60                . = ALIGN (0x4)
                0x0000000008001c60                __exidx_start = .
 *(.ARM.exidx*)
                0x0000000008001c60                __exidx_end = .
                0x0000000008001c60                . = ALIGN (0x4)

.preinit_array  0x0000000008001c60        0x0
                0x0000000008001c60                . = ALIGN (0x4)
                0x0000000008001c60                PROVIDE (__preinit_array_start = .)
 *(.preinit_array*)
                0x0000000008001c60                PROVIDE (__preinit_array_end = .)
                0x0000000008001c60                . = ALIGN (0x4)

.init_array     0x0000000008001c60        0x4
                0x0000000008001c60                . = ALIGN (0x4)
                0x0000000008001c60                PROVIDE (__init_array_start = .)
 *(SORT_BY_NAME(.init_array.*))
 *(.init_array*)
 .init_array    0x0000000008001c60        0x4 D:/Installed Programs/STM32CubeIDE_1.13.2/STM32CubeIDE/plugins/com.st.stm32cube.ide.mcu.externaltools.gnu-tools-for-stm32.11.3.rel1.win32_1.1.1.202309131626/tools/bin/../lib/gcc/arm-none-eabi/11.3.1/thumb/v7e-m+fp/hard/crtbegin.o
                0x0000000008001c64                PROVIDE (__init_array_end = .)
                0x0000000008001c64                . = ALIGN (0x4)

.fini_array     0x0000000008001c64        0x4
                0x0000000008001c64                . = ALIGN (0x4)
                [!provide]                        PROVIDE (__fini_array_start = .)
 *(SORT_BY_NAME(.fini_array.*))
 *(.fini_array*)
 .fini_array    0x0000000008001c64        0x4 D:/Installed Programs/STM32CubeIDE_1.13.2/STM32CubeIDE/plugins/com.st.stm32cube.ide.mcu.externaltools.gnu-tools-for-stm32.11.3.rel1.win32_1.1.1.202309131626/tools/bin/../lib/gcc/arm-none-eabi/11.3.1/thumb/v7e-m+fp/hard/crtbegin.o
                [!provide]                        PROVIDE (__fini_array_end = .)
                0x0000000008001c68                . = ALIGN (0x4)
                0x0000000008001c68                _sidata = LOADADDR (.data)

.data           0x0000000020000000       0x24 load address 0x0000000008001c68
                0x0000000020000000                . = ALIGN (0x4)
                0x0000000020000000                _sdata = .
 *(.data)
 *(.data*)
 .data.ledmat_obj
                0x0000000020000000       0x1c ./Src/HAL/LEDMAT/LEDMAT_LCFG.o
                0x0000000020000000                ledmat_obj
 .data.SHIFTREG_Config
                0x000000002000001c        0x8 ./Src/HAL/SHIFT_REG_16BIT/SHIFTREG_Lcfg.o
                0x000000002000001c                SHIFTREG_Config
 *(.RamFunc)
 *(.RamFunc*)
                0x0000000020000024                . = ALIGN (0x4)
                0x0000000020000024                _edata = .

.igot.plt       0x0000000020000024        0x0 load address 0x0000000008001c8c
 .igot.plt      0x0000000020000024        0x0 D:/Installed Programs/STM32CubeIDE_1.13.2/STM32CubeIDE/plugins/com.st.stm32cube.ide.mcu.externaltools.gnu-tools-for-stm32.11.3.rel1.win32_1.1.1.202309131626/tools/bin/../lib/gcc/arm-none-eabi/11.3.1/thumb/v7e-m+fp/hard/crtbegin.o
                0x0000000020000024                . = ALIGN (0x4)

.bss            0x0000000020000024       0x68 load address 0x0000000008001c8c
                0x0000000020000024                _sbss = .
                0x0000000020000024                __bss_start__ = _sbss
 *(.bss)
 .bss           0x0000000020000024       0x1c D:/Installed Programs/STM32CubeIDE_1.13.2/STM32CubeIDE/plugins/com.st.stm32cube.ide.mcu.externaltools.gnu-tools-for-stm32.11.3.rel1.win32_1.1.1.202309131626/tools/bin/../lib/gcc/arm-none-eabi/11.3.1/thumb/v7e-m+fp/hard/crtbegin.o
 *(.bss*)
 .bss.LEDMAT_Delay_Flag
                0x0000000020000040        0x1 ./Src/HAL/LEDMAT/LEDMAT_program.o
 *fill*         0x0000000020000041        0x3 
 .bss.EXTI_pNotificationFunction
                0x0000000020000044       0x40 ./Src/MCAL/EXTI/EXTI_program.o
 .bss.SysTick_CallBack
                0x0000000020000084        0x4 ./Src/MCAL/SYSTICK/SYSTICK_program.o
                0x0000000020000084                SysTick_CallBack
 .bss.SysTick_Mode
                0x0000000020000088        0x1 ./Src/MCAL/SYSTICK/SYSTICK_program.o
                0x0000000020000088                SysTick_Mode
 *(COMMON)
                0x000000002000008c                . = ALIGN (0x4)
 *fill*         0x0000000020000089        0x3 
                0x000000002000008c                _ebss = .
                0x000000002000008c                __bss_end__ = _ebss

._user_heap_stack
                0x000000002000008c      0x604 load address 0x0000000008001c8c
                0x0000000020000090                . = ALIGN (0x8)
 *fill*         0x000000002000008c        0x4 
                [!provide]                        PROVIDE (end = .)
                0x0000000020000090                PROVIDE (_end = .)
                0x0000000020000290                . = (. + _Min_Heap_Size)
 *fill*         0x0000000020000090      0x200 
                0x0000000020000690                . = (. + _Min_Stack_Size)
 *fill*         0x0000000020000290      0x400 
                0x0000000020000690                . = ALIGN (0x8)

/DISCARD/
 libc.a(*)
 libm.a(*)
 libgcc.a(*)

.ARM.attributes
                0x0000000000000000       0x30
 *(.ARM.attributes)
 .ARM.attributes
                0x0000000000000000       0x1e D:/Installed Programs/STM32CubeIDE_1.13.2/STM32CubeIDE/plugins/com.st.stm32cube.ide.mcu.externaltools.gnu-tools-for-stm32.11.3.rel1.win32_1.1.1.202309131626/tools/bin/../lib/gcc/arm-none-eabi/11.3.1/thumb/v7e-m+fp/hard/crti.o
 .ARM.attributes
                0x000000000000001e       0x34 D:/Installed Programs/STM32CubeIDE_1.13.2/STM32CubeIDE/plugins/com.st.stm32cube.ide.mcu.externaltools.gnu-tools-for-stm32.11.3.rel1.win32_1.1.1.202309131626/tools/bin/../lib/gcc/arm-none-eabi/11.3.1/thumb/v7e-m+fp/hard/crtbegin.o
 .ARM.attributes
                0x0000000000000052       0x34 ./Src/HAL/LEDMAT/LEDMAT_LCFG.o
 .ARM.attributes
                0x0000000000000086       0x34 ./Src/HAL/LEDMAT/LEDMAT_font.o
 .ARM.attributes
                0x00000000000000ba       0x34 ./Src/HAL/LEDMAT/LEDMAT_program.o
 .ARM.attributes
                0x00000000000000ee       0x34 ./Src/HAL/SHIFT_REG_16BIT/SHIFTREG_Lcfg.o
 .ARM.attributes
                0x0000000000000122       0x34 ./Src/HAL/SHIFT_REG_16BIT/SHIFTREG_program.o
 .ARM.attributes
                0x0000000000000156       0x34 ./Src/MCAL/EXTI/EXTI_program.o
 .ARM.attributes
                0x000000000000018a       0x34 ./Src/MCAL/GPIO/GPIO_program.o
 .ARM.attributes
                0x00000000000001be       0x34 ./Src/MCAL/NVIC/NVIC_program.o
 .ARM.attributes
                0x00000000000001f2       0x34 ./Src/MCAL/RCC/RCC_program.o
 .ARM.attributes
                0x0000000000000226       0x34 ./Src/MCAL/SCB/SCB_program.o
 .ARM.attributes
                0x000000000000025a       0x34 ./Src/MCAL/SPI/SPI_program.o
 .ARM.attributes
                0x000000000000028e       0x34 ./Src/MCAL/SYSTICK/SYSTICK_program.o
 .ARM.attributes
                0x00000000000002c2       0x34 ./Src/Za3bola_Animation.o
 .ARM.attributes
                0x00000000000002f6       0x34 ./Src/main.o
 .ARM.attributes
                0x000000000000032a       0x34 ./Startup/System_Init.o
 .ARM.attributes
                0x000000000000035e       0x21 ./Startup/startup_stm32f401ccux.o
 .ARM.attributes
                0x000000000000037f       0x34 D:/Installed Programs/STM32CubeIDE_1.13.2/STM32CubeIDE/plugins/com.st.stm32cube.ide.mcu.externaltools.gnu-tools-for-stm32.11.3.rel1.win32_1.1.1.202309131626/tools/bin/../lib/gcc/arm-none-eabi/11.3.1/../../../../arm-none-eabi/lib/thumb/v7e-m+fp/hard\libc_nano.a(libc_a-memset.o)
 .ARM.attributes
                0x00000000000003b3       0x34 D:/Installed Programs/STM32CubeIDE_1.13.2/STM32CubeIDE/plugins/com.st.stm32cube.ide.mcu.externaltools.gnu-tools-for-stm32.11.3.rel1.win32_1.1.1.202309131626/tools/bin/../lib/gcc/arm-none-eabi/11.3.1/../../../../arm-none-eabi/lib/thumb/v7e-m+fp/hard\libc_nano.a(libc_a-init.o)
 .ARM.attributes
                0x00000000000003e7       0x34 D:/Installed Programs/STM32CubeIDE_1.13.2/STM32CubeIDE/plugins/com.st.stm32cube.ide.mcu.externaltools.gnu-tools-for-stm32.11.3.rel1.win32_1.1.1.202309131626/tools/bin/../lib/gcc/arm-none-eabi/11.3.1/../../../../arm-none-eabi/lib/thumb/v7e-m+fp/hard\libc_nano.a(libc_a-memcpy-stub.o)
 .ARM.attributes
                0x000000000000041b       0x1e D:/Installed Programs/STM32CubeIDE_1.13.2/STM32CubeIDE/plugins/com.st.stm32cube.ide.mcu.externaltools.gnu-tools-for-stm32.11.3.rel1.win32_1.1.1.202309131626/tools/bin/../lib/gcc/arm-none-eabi/11.3.1/thumb/v7e-m+fp/hard\libgcc.a(_arm_muldf3.o)
 .ARM.attributes
                0x0000000000000439       0x1e D:/Installed Programs/STM32CubeIDE_1.13.2/STM32CubeIDE/plugins/com.st.stm32cube.ide.mcu.externaltools.gnu-tools-for-stm32.11.3.rel1.win32_1.1.1.202309131626/tools/bin/../lib/gcc/arm-none-eabi/11.3.1/thumb/v7e-m+fp/hard\libgcc.a(_arm_addsubdf3.o)
 .ARM.attributes
                0x0000000000000457       0x1e D:/Installed Programs/STM32CubeIDE_1.13.2/STM32CubeIDE/plugins/com.st.stm32cube.ide.mcu.externaltools.gnu-tools-for-stm32.11.3.rel1.win32_1.1.1.202309131626/tools/bin/../lib/gcc/arm-none-eabi/11.3.1/thumb/v7e-m+fp/hard\libgcc.a(_arm_fixunsdfsi.o)
 .ARM.attributes
                0x0000000000000475       0x1e D:/Installed Programs/STM32CubeIDE_1.13.2/STM32CubeIDE/plugins/com.st.stm32cube.ide.mcu.externaltools.gnu-tools-for-stm32.11.3.rel1.win32_1.1.1.202309131626/tools/bin/../lib/gcc/arm-none-eabi/11.3.1/thumb/v7e-m+fp/hard/crtn.o
OUTPUT(STM32F401CCU6_COTS.elf elf32-littlearm)
LOAD linker stubs
LOAD D:/Installed Programs/STM32CubeIDE_1.13.2/STM32CubeIDE/plugins/com.st.stm32cube.ide.mcu.externaltools.gnu-tools-for-stm32.11.3.rel1.win32_1.1.1.202309131626/tools/bin/../lib/gcc/arm-none-eabi/11.3.1/../../../../arm-none-eabi/lib/thumb/v7e-m+fp/hard\libc.a
LOAD D:/Installed Programs/STM32CubeIDE_1.13.2/STM32CubeIDE/plugins/com.st.stm32cube.ide.mcu.externaltools.gnu-tools-for-stm32.11.3.rel1.win32_1.1.1.202309131626/tools/bin/../lib/gcc/arm-none-eabi/11.3.1/../../../../arm-none-eabi/lib/thumb/v7e-m+fp/hard\libm.a
LOAD D:/Installed Programs/STM32CubeIDE_1.13.2/STM32CubeIDE/plugins/com.st.stm32cube.ide.mcu.externaltools.gnu-tools-for-stm32.11.3.rel1.win32_1.1.1.202309131626/tools/bin/../lib/gcc/arm-none-eabi/11.3.1/thumb/v7e-m+fp/hard\libgcc.a

.comment        0x0000000000000000       0x43
 .comment       0x0000000000000000       0x43 D:/Installed Programs/STM32CubeIDE_1.13.2/STM32CubeIDE/plugins/com.st.stm32cube.ide.mcu.externaltools.gnu-tools-for-stm32.11.3.rel1.win32_1.1.1.202309131626/tools/bin/../lib/gcc/arm-none-eabi/11.3.1/thumb/v7e-m+fp/hard/crtbegin.o
                                         0x44 (size before relaxing)
 .comment       0x0000000000000043       0x44 ./Src/HAL/LEDMAT/LEDMAT_LCFG.o
 .comment       0x0000000000000043       0x44 ./Src/HAL/LEDMAT/LEDMAT_font.o
 .comment       0x0000000000000043       0x44 ./Src/HAL/LEDMAT/LEDMAT_program.o
 .comment       0x0000000000000043       0x44 ./Src/HAL/SHIFT_REG_16BIT/SHIFTREG_Lcfg.o
 .comment       0x0000000000000043       0x44 ./Src/HAL/SHIFT_REG_16BIT/SHIFTREG_program.o
 .comment       0x0000000000000043       0x44 ./Src/MCAL/EXTI/EXTI_program.o
 .comment       0x0000000000000043       0x44 ./Src/MCAL/GPIO/GPIO_program.o
 .comment       0x0000000000000043       0x44 ./Src/MCAL/NVIC/NVIC_program.o
 .comment       0x0000000000000043       0x44 ./Src/MCAL/RCC/RCC_program.o
 .comment       0x0000000000000043       0x44 ./Src/MCAL/SCB/SCB_program.o
 .comment       0x0000000000000043       0x44 ./Src/MCAL/SPI/SPI_program.o
 .comment       0x0000000000000043       0x44 ./Src/MCAL/SYSTICK/SYSTICK_program.o
 .comment       0x0000000000000043       0x44 ./Src/Za3bola_Animation.o
 .comment       0x0000000000000043       0x44 ./Src/main.o
 .comment       0x0000000000000043       0x44 ./Startup/System_Init.o

.debug_info     0x0000000000000000     0x3146
 .debug_info    0x0000000000000000      0x28c ./Src/HAL/LEDMAT/LEDMAT_LCFG.o
 .debug_info    0x000000000000028c       0xa7 ./Src/HAL/LEDMAT/LEDMAT_font.o
 .debug_info    0x0000000000000333      0x71f ./Src/HAL/LEDMAT/LEDMAT_program.o
 .debug_info    0x0000000000000a52      0x192 ./Src/HAL/SHIFT_REG_16BIT/SHIFTREG_Lcfg.o
 .debug_info    0x0000000000000be4      0x38d ./Src/HAL/SHIFT_REG_16BIT/SHIFTREG_program.o
 .debug_info    0x0000000000000f71      0x5a6 ./Src/MCAL/EXTI/EXTI_program.o
 .debug_info    0x0000000000001517      0x54a ./Src/MCAL/GPIO/GPIO_program.o
 .debug_info    0x0000000000001a61      0x4e1 ./Src/MCAL/NVIC/NVIC_program.o
 .debug_info    0x0000000000001f42      0x199 ./Src/MCAL/RCC/RCC_program.o
 .debug_info    0x00000000000020db      0x15f ./Src/MCAL/SCB/SCB_program.o
 .debug_info    0x000000000000223a      0x651 ./Src/MCAL/SPI/SPI_program.o
 .debug_info    0x000000000000288b      0x315 ./Src/MCAL/SYSTICK/SYSTICK_program.o
 .debug_info    0x0000000000002ba0      0x431 ./Src/Za3bola_Animation.o
 .debug_info    0x0000000000002fd1       0xc1 ./Src/main.o
 .debug_info    0x0000000000003092       0x91 ./Startup/System_Init.o
 .debug_info    0x0000000000003123       0x23 ./Startup/startup_stm32f401ccux.o

.debug_abbrev   0x0000000000000000     0x1018
 .debug_abbrev  0x0000000000000000       0xd9 ./Src/HAL/LEDMAT/LEDMAT_LCFG.o
 .debug_abbrev  0x00000000000000d9       0x72 ./Src/HAL/LEDMAT/LEDMAT_font.o
 .debug_abbrev  0x000000000000014b      0x204 ./Src/HAL/LEDMAT/LEDMAT_program.o
 .debug_abbrev  0x000000000000034f       0xa9 ./Src/HAL/SHIFT_REG_16BIT/SHIFTREG_Lcfg.o
 .debug_abbrev  0x00000000000003f8      0x126 ./Src/HAL/SHIFT_REG_16BIT/SHIFTREG_program.o
 .debug_abbrev  0x000000000000051e      0x17f ./Src/MCAL/EXTI/EXTI_program.o
 .debug_abbrev  0x000000000000069d      0x141 ./Src/MCAL/GPIO/GPIO_program.o
 .debug_abbrev  0x00000000000007de      0x16f ./Src/MCAL/NVIC/NVIC_program.o
 .debug_abbrev  0x000000000000094d       0x9d ./Src/MCAL/RCC/RCC_program.o
 .debug_abbrev  0x00000000000009ea       0xcf ./Src/MCAL/SCB/SCB_program.o
 .debug_abbrev  0x0000000000000ab9      0x201 ./Src/MCAL/SPI/SPI_program.o
 .debug_abbrev  0x0000000000000cba      0x15a ./Src/MCAL/SYSTICK/SYSTICK_program.o
 .debug_abbrev  0x0000000000000e14      0x13d ./Src/Za3bola_Animation.o
 .debug_abbrev  0x0000000000000f51       0x5c ./Src/main.o
 .debug_abbrev  0x0000000000000fad       0x59 ./Startup/System_Init.o
 .debug_abbrev  0x0000000000001006       0x12 ./Startup/startup_stm32f401ccux.o

.debug_aranges  0x0000000000000000      0x4e8
 .debug_aranges
                0x0000000000000000       0x18 ./Src/HAL/LEDMAT/LEDMAT_LCFG.o
 .debug_aranges
                0x0000000000000018       0x18 ./Src/HAL/LEDMAT/LEDMAT_font.o
 .debug_aranges
                0x0000000000000030       0x98 ./Src/HAL/LEDMAT/LEDMAT_program.o
 .debug_aranges
                0x00000000000000c8       0x18 ./Src/HAL/SHIFT_REG_16BIT/SHIFTREG_Lcfg.o
 .debug_aranges
                0x00000000000000e0       0x40 ./Src/HAL/SHIFT_REG_16BIT/SHIFTREG_program.o
 .debug_aranges
                0x0000000000000120       0x88 ./Src/MCAL/EXTI/EXTI_program.o
 .debug_aranges
                0x00000000000001a8       0x90 ./Src/MCAL/GPIO/GPIO_program.o
 .debug_aranges
                0x0000000000000238       0x68 ./Src/MCAL/NVIC/NVIC_program.o
 .debug_aranges
                0x00000000000002a0       0x70 ./Src/MCAL/RCC/RCC_program.o
 .debug_aranges
                0x0000000000000310       0x28 ./Src/MCAL/SCB/SCB_program.o
 .debug_aranges
                0x0000000000000338       0x80 ./Src/MCAL/SPI/SPI_program.o
 .debug_aranges
                0x00000000000003b8       0x88 ./Src/MCAL/SYSTICK/SYSTICK_program.o
 .debug_aranges
                0x0000000000000440       0x40 ./Src/Za3bola_Animation.o
 .debug_aranges
                0x0000000000000480       0x20 ./Src/main.o
 .debug_aranges
                0x00000000000004a0       0x20 ./Startup/System_Init.o
 .debug_aranges
                0x00000000000004c0       0x28 ./Startup/startup_stm32f401ccux.o

.debug_macro    0x0000000000000000     0x1bb8
 .debug_macro   0x0000000000000000      0x1c2 ./Src/HAL/LEDMAT/LEDMAT_LCFG.o
 .debug_macro   0x00000000000001c2       0x22 ./Src/HAL/LEDMAT/LEDMAT_LCFG.o
 .debug_macro   0x00000000000001e4       0x5b ./Src/HAL/LEDMAT/LEDMAT_LCFG.o
 .debug_macro   0x000000000000023f       0x2a ./Src/HAL/LEDMAT/LEDMAT_LCFG.o
 .debug_macro   0x0000000000000269       0x94 ./Src/HAL/LEDMAT/LEDMAT_LCFG.o
 .debug_macro   0x00000000000002fd       0x43 ./Src/HAL/LEDMAT/LEDMAT_LCFG.o
 .debug_macro   0x0000000000000340       0x34 ./Src/HAL/LEDMAT/LEDMAT_LCFG.o
 .debug_macro   0x0000000000000374      0x174 ./Src/HAL/LEDMAT/LEDMAT_LCFG.o
 .debug_macro   0x00000000000004e8       0x16 ./Src/HAL/LEDMAT/LEDMAT_LCFG.o
 .debug_macro   0x00000000000004fe       0x43 ./Src/HAL/LEDMAT/LEDMAT_LCFG.o
 .debug_macro   0x0000000000000541       0x57 ./Src/HAL/LEDMAT/LEDMAT_LCFG.o
 .debug_macro   0x0000000000000598       0x34 ./Src/HAL/LEDMAT/LEDMAT_LCFG.o
 .debug_macro   0x00000000000005cc       0x10 ./Src/HAL/LEDMAT/LEDMAT_LCFG.o
 .debug_macro   0x00000000000005dc       0x58 ./Src/HAL/LEDMAT/LEDMAT_LCFG.o
 .debug_macro   0x0000000000000634       0x8e ./Src/HAL/LEDMAT/LEDMAT_LCFG.o
 .debug_macro   0x00000000000006c2       0x1c ./Src/HAL/LEDMAT/LEDMAT_LCFG.o
 .debug_macro   0x00000000000006de      0x177 ./Src/HAL/LEDMAT/LEDMAT_LCFG.o
 .debug_macro   0x0000000000000855      0x369 ./Src/HAL/LEDMAT/LEDMAT_LCFG.o
 .debug_macro   0x0000000000000bbe       0x10 ./Src/HAL/LEDMAT/LEDMAT_LCFG.o
 .debug_macro   0x0000000000000bce       0x35 ./Src/HAL/LEDMAT/LEDMAT_LCFG.o
 .debug_macro   0x0000000000000c03       0x20 ./Src/HAL/LEDMAT/LEDMAT_LCFG.o
 .debug_macro   0x0000000000000c23       0x16 ./Src/HAL/LEDMAT/LEDMAT_LCFG.o
 .debug_macro   0x0000000000000c39       0x16 ./Src/HAL/LEDMAT/LEDMAT_LCFG.o
 .debug_macro   0x0000000000000c4f       0x16 ./Src/HAL/LEDMAT/LEDMAT_LCFG.o
 .debug_macro   0x0000000000000c65       0x70 ./Src/HAL/LEDMAT/LEDMAT_LCFG.o
 .debug_macro   0x0000000000000cd5       0x10 ./Src/HAL/LEDMAT/LEDMAT_LCFG.o
 .debug_macro   0x0000000000000ce5       0x24 ./Src/HAL/LEDMAT/LEDMAT_font.o
 .debug_macro   0x0000000000000d09      0x1c1 ./Src/HAL/LEDMAT/LEDMAT_program.o
 .debug_macro   0x0000000000000eca       0x1c ./Src/HAL/LEDMAT/LEDMAT_program.o
 .debug_macro   0x0000000000000ee6       0x67 ./Src/HAL/SHIFT_REG_16BIT/SHIFTREG_Lcfg.o
 .debug_macro   0x0000000000000f4d       0x7e ./Src/HAL/SHIFT_REG_16BIT/SHIFTREG_program.o
 .debug_macro   0x0000000000000fcb       0x65 ./Src/MCAL/EXTI/EXTI_program.o
 .debug_macro   0x0000000000001030       0x28 ./Src/MCAL/EXTI/EXTI_program.o
 .debug_macro   0x0000000000001058       0x45 ./Src/MCAL/GPIO/GPIO_program.o
 .debug_macro   0x000000000000109d      0x12a ./Src/MCAL/GPIO/GPIO_program.o
 .debug_macro   0x00000000000011c7       0x45 ./Src/MCAL/NVIC/NVIC_program.o
 .debug_macro   0x000000000000120c       0x28 ./Src/MCAL/NVIC/NVIC_program.o
 .debug_macro   0x0000000000001234       0x16 ./Src/MCAL/NVIC/NVIC_program.o
 .debug_macro   0x000000000000124a       0x44 ./Src/MCAL/RCC/RCC_program.o
 .debug_macro   0x000000000000128e       0x3a ./Src/MCAL/RCC/RCC_program.o
 .debug_macro   0x00000000000012c8      0x1f6 ./Src/MCAL/RCC/RCC_program.o
 .debug_macro   0x00000000000014be       0x44 ./Src/MCAL/SCB/SCB_program.o
 .debug_macro   0x0000000000001502       0x28 ./Src/MCAL/SCB/SCB_program.o
 .debug_macro   0x000000000000152a       0x10 ./Src/MCAL/SCB/SCB_program.o
 .debug_macro   0x000000000000153a       0xb9 ./Src/MCAL/SPI/SPI_program.o
 .debug_macro   0x00000000000015f3       0x2e ./Src/MCAL/SPI/SPI_program.o
 .debug_macro   0x0000000000001621       0xc4 ./Src/MCAL/SPI/SPI_program.o
 .debug_macro   0x00000000000016e5       0x3f ./Src/MCAL/SYSTICK/SYSTICK_program.o
 .debug_macro   0x0000000000001724       0x22 ./Src/MCAL/SYSTICK/SYSTICK_program.o
 .debug_macro   0x0000000000001746       0x76 ./Src/MCAL/SYSTICK/SYSTICK_program.o
 .debug_macro   0x00000000000017bc      0x1cc ./Src/Za3bola_Animation.o
 .debug_macro   0x0000000000001988      0x1da ./Src/main.o
 .debug_macro   0x0000000000001b62       0x56 ./Startup/System_Init.o

.debug_line     0x0000000000000000     0x43e3
 .debug_line    0x0000000000000000      0x815 ./Src/HAL/LEDMAT/LEDMAT_LCFG.o
 .debug_line    0x0000000000000815       0x7d ./Src/HAL/LEDMAT/LEDMAT_font.o
 .debug_line    0x0000000000000892      0xc5a ./Src/HAL/LEDMAT/LEDMAT_program.o
 .debug_line    0x00000000000014ec      0x122 ./Src/HAL/SHIFT_REG_16BIT/SHIFTREG_Lcfg.o
 .debug_line    0x000000000000160e      0x244 ./Src/HAL/SHIFT_REG_16BIT/SHIFTREG_program.o
 .debug_line    0x0000000000001852      0x53f ./Src/MCAL/EXTI/EXTI_program.o
 .debug_line    0x0000000000001d91      0x431 ./Src/MCAL/GPIO/GPIO_program.o
 .debug_line    0x00000000000021c2      0x257 ./Src/MCAL/NVIC/NVIC_program.o
 .debug_line    0x0000000000002419      0x2a2 ./Src/MCAL/RCC/RCC_program.o
 .debug_line    0x00000000000026bb       0xf8 ./Src/MCAL/SCB/SCB_program.o
 .debug_line    0x00000000000027b3      0x52b ./Src/MCAL/SPI/SPI_program.o
 .debug_line    0x0000000000002cde      0x38f ./Src/MCAL/SYSTICK/SYSTICK_program.o
 .debug_line    0x000000000000306d      0x93c ./Src/Za3bola_Animation.o
 .debug_line    0x00000000000039a9      0x860 ./Src/main.o
 .debug_line    0x0000000000004209      0x15f ./Startup/System_Init.o
 .debug_line    0x0000000000004368       0x7b ./Startup/startup_stm32f401ccux.o

.debug_str      0x0000000000000000     0xaf78
 .debug_str     0x0000000000000000     0x71f8 ./Src/HAL/LEDMAT/LEDMAT_LCFG.o
                                       0x7317 (size before relaxing)
 .debug_str     0x00000000000071f8       0x29 ./Src/HAL/LEDMAT/LEDMAT_font.o
                                       0x2efc (size before relaxing)
 .debug_str     0x0000000000007221      0x35a ./Src/HAL/LEDMAT/LEDMAT_program.o
                                       0x7636 (size before relaxing)
 .debug_str     0x000000000000757b       0x2b ./Src/HAL/SHIFT_REG_16BIT/SHIFTREG_Lcfg.o
                                       0x36fb (size before relaxing)
 .debug_str     0x00000000000075a6      0x2a0 ./Src/HAL/SHIFT_REG_16BIT/SHIFTREG_program.o
                                       0x3c18 (size before relaxing)
 .debug_str     0x0000000000007846      0x8be ./Src/MCAL/EXTI/EXTI_program.o
                                       0x3b64 (size before relaxing)
 .debug_str     0x0000000000008104      0xbcd ./Src/MCAL/GPIO/GPIO_program.o
                                       0x403b (size before relaxing)
 .debug_str     0x0000000000008cd1      0x2cb ./Src/MCAL/NVIC/NVIC_program.o
                                       0x36ac (size before relaxing)
 .debug_str     0x0000000000008f9c      0xcfb ./Src/MCAL/RCC/RCC_program.o
                                       0x3fa1 (size before relaxing)
 .debug_str     0x0000000000009c97      0x1b4 ./Src/MCAL/SCB/SCB_program.o
                                       0x327b (size before relaxing)
 .debug_str     0x0000000000009e4b      0x9b5 ./Src/MCAL/SPI/SPI_program.o
                                       0x4b1d (size before relaxing)
 .debug_str     0x000000000000a800      0x525 ./Src/MCAL/SYSTICK/SYSTICK_program.o
                                       0x3572 (size before relaxing)
 .debug_str     0x000000000000ad25      0x1e4 ./Src/Za3bola_Animation.o
                                       0x7521 (size before relaxing)
 .debug_str     0x000000000000af09       0x1c ./Src/main.o
                                       0x71b2 (size before relaxing)
 .debug_str     0x000000000000af25       0x24 ./Startup/System_Init.o
                                       0x3302 (size before relaxing)
 .debug_str     0x000000000000af49       0x2f ./Startup/startup_stm32f401ccux.o
                                         0x78 (size before relaxing)

.debug_rnglists
                0x0000000000000000      0x355
 .debug_rnglists
                0x0000000000000000       0x71 ./Src/HAL/LEDMAT/LEDMAT_program.o
 .debug_rnglists
                0x0000000000000071       0x2c ./Src/HAL/SHIFT_REG_16BIT/SHIFTREG_program.o
 .debug_rnglists
                0x000000000000009d       0x65 ./Src/MCAL/EXTI/EXTI_program.o
 .debug_rnglists
                0x0000000000000102       0x71 ./Src/MCAL/GPIO/GPIO_program.o
 .debug_rnglists
                0x0000000000000173       0x49 ./Src/MCAL/NVIC/NVIC_program.o
 .debug_rnglists
                0x00000000000001bc       0x52 ./Src/MCAL/RCC/RCC_program.o
 .debug_rnglists
                0x000000000000020e       0x19 ./Src/MCAL/SCB/SCB_program.o
 .debug_rnglists
                0x0000000000000227       0x60 ./Src/MCAL/SPI/SPI_program.o
 .debug_rnglists
                0x0000000000000287       0x63 ./Src/MCAL/SYSTICK/SYSTICK_program.o
 .debug_rnglists
                0x00000000000002ea       0x2c ./Src/Za3bola_Animation.o
 .debug_rnglists
                0x0000000000000316       0x13 ./Src/main.o
 .debug_rnglists
                0x0000000000000329       0x13 ./Startup/System_Init.o
 .debug_rnglists
                0x000000000000033c       0x19 ./Startup/startup_stm32f401ccux.o

.debug_frame    0x0000000000000000     0x1154
 .debug_frame   0x0000000000000000      0x258 ./Src/HAL/LEDMAT/LEDMAT_program.o
 .debug_frame   0x0000000000000258       0xcc ./Src/HAL/SHIFT_REG_16BIT/SHIFTREG_program.o
 .debug_frame   0x0000000000000324      0x1e8 ./Src/MCAL/EXTI/EXTI_program.o
 .debug_frame   0x000000000000050c      0x268 ./Src/MCAL/GPIO/GPIO_program.o
 .debug_frame   0x0000000000000774      0x190 ./Src/MCAL/NVIC/NVIC_program.o
 .debug_frame   0x0000000000000904      0x18c ./Src/MCAL/RCC/RCC_program.o
 .debug_frame   0x0000000000000a90       0x60 ./Src/MCAL/SCB/SCB_program.o
 .debug_frame   0x0000000000000af0      0x1d4 ./Src/MCAL/SPI/SPI_program.o
 .debug_frame   0x0000000000000cc4      0x210 ./Src/MCAL/SYSTICK/SYSTICK_program.o
 .debug_frame   0x0000000000000ed4       0xb4 ./Src/Za3bola_Animation.o
 .debug_frame   0x0000000000000f88       0x2c ./Src/main.o
 .debug_frame   0x0000000000000fb4       0x2c ./Startup/System_Init.o
 .debug_frame   0x0000000000000fe0       0x20 D:/Installed Programs/STM32CubeIDE_1.13.2/STM32CubeIDE/plugins/com.st.stm32cube.ide.mcu.externaltools.gnu-tools-for-stm32.11.3.rel1.win32_1.1.1.202309131626/tools/bin/../lib/gcc/arm-none-eabi/11.3.1/../../../../arm-none-eabi/lib/thumb/v7e-m+fp/hard\libc_nano.a(libc_a-memset.o)
 .debug_frame   0x0000000000001000       0x2c D:/Installed Programs/STM32CubeIDE_1.13.2/STM32CubeIDE/plugins/com.st.stm32cube.ide.mcu.externaltools.gnu-tools-for-stm32.11.3.rel1.win32_1.1.1.202309131626/tools/bin/../lib/gcc/arm-none-eabi/11.3.1/../../../../arm-none-eabi/lib/thumb/v7e-m+fp/hard\libc_nano.a(libc_a-init.o)
 .debug_frame   0x000000000000102c       0x28 D:/Installed Programs/STM32CubeIDE_1.13.2/STM32CubeIDE/plugins/com.st.stm32cube.ide.mcu.externaltools.gnu-tools-for-stm32.11.3.rel1.win32_1.1.1.202309131626/tools/bin/../lib/gcc/arm-none-eabi/11.3.1/../../../../arm-none-eabi/lib/thumb/v7e-m+fp/hard\libc_nano.a(libc_a-memcpy-stub.o)
 .debug_frame   0x0000000000001054       0x30 D:/Installed Programs/STM32CubeIDE_1.13.2/STM32CubeIDE/plugins/com.st.stm32cube.ide.mcu.externaltools.gnu-tools-for-stm32.11.3.rel1.win32_1.1.1.202309131626/tools/bin/../lib/gcc/arm-none-eabi/11.3.1/thumb/v7e-m+fp/hard\libgcc.a(_arm_muldf3.o)
 .debug_frame   0x0000000000001084       0xac D:/Installed Programs/STM32CubeIDE_1.13.2/STM32CubeIDE/plugins/com.st.stm32cube.ide.mcu.externaltools.gnu-tools-for-stm32.11.3.rel1.win32_1.1.1.202309131626/tools/bin/../lib/gcc/arm-none-eabi/11.3.1/thumb/v7e-m+fp/hard\libgcc.a(_arm_addsubdf3.o)
 .debug_frame   0x0000000000001130       0x24 D:/Installed Programs/STM32CubeIDE_1.13.2/STM32CubeIDE/plugins/com.st.stm32cube.ide.mcu.externaltools.gnu-tools-for-stm32.11.3.rel1.win32_1.1.1.202309131626/tools/bin/../lib/gcc/arm-none-eabi/11.3.1/thumb/v7e-m+fp/hard\libgcc.a(_arm_fixunsdfsi.o)

.debug_line_str
                0x0000000000000000       0x6c
 .debug_line_str
                0x0000000000000000       0x6c ./Startup/startup_stm32f401ccux.o
                                         0x84 (size before relaxing)
