Archive member included to satisfy reference by file (symbol)

D:/Installed Programs/STM32CubeIDE_1.13.2/STM32CubeIDE/plugins/com.st.stm32cube.ide.mcu.externaltools.gnu-tools-for-stm32.11.3.rel1.win32_1.1.1.202309131626/tools/bin/../lib/gcc/arm-none-eabi/11.3.1/../../../../arm-none-eabi/lib/thumb/v7e-m+fp/hard\librdimon_nano.a(rdimon-syscalls.o)
                              D:/Installed Programs/STM32CubeIDE_1.13.2/STM32CubeIDE/plugins/com.st.stm32cube.ide.mcu.externaltools.gnu-tools-for-stm32.11.3.rel1.win32_1.1.1.202309131626/tools/bin/../lib/gcc/arm-none-eabi/11.3.1/../../../../arm-none-eabi/lib/thumb/v7e-m+fp/hard/rdimon-crt0.o (initialise_monitor_handles)
D:/Installed Programs/STM32CubeIDE_1.13.2/STM32CubeIDE/plugins/com.st.stm32cube.ide.mcu.externaltools.gnu-tools-for-stm32.11.3.rel1.win32_1.1.1.202309131626/tools/bin/../lib/gcc/arm-none-eabi/11.3.1/../../../../arm-none-eabi/lib/thumb/v7e-m+fp/hard\libc_nano.a(libc_a-exit.o)
                              D:/Installed Programs/STM32CubeIDE_1.13.2/STM32CubeIDE/plugins/com.st.stm32cube.ide.mcu.externaltools.gnu-tools-for-stm32.11.3.rel1.win32_1.1.1.202309131626/tools/bin/../lib/gcc/arm-none-eabi/11.3.1/../../../../arm-none-eabi/lib/thumb/v7e-m+fp/hard/rdimon-crt0.o (exit)
D:/Installed Programs/STM32CubeIDE_1.13.2/STM32CubeIDE/plugins/com.st.stm32cube.ide.mcu.externaltools.gnu-tools-for-stm32.11.3.rel1.win32_1.1.1.202309131626/tools/bin/../lib/gcc/arm-none-eabi/11.3.1/../../../../arm-none-eabi/lib/thumb/v7e-m+fp/hard\libc_nano.a(libc_a-findfp.o)
                              D:/Installed Programs/STM32CubeIDE_1.13.2/STM32CubeIDE/plugins/com.st.stm32cube.ide.mcu.externaltools.gnu-tools-for-stm32.11.3.rel1.win32_1.1.1.202309131626/tools/bin/../lib/gcc/arm-none-eabi/11.3.1/../../../../arm-none-eabi/lib/thumb/v7e-m+fp/hard\librdimon_nano.a(rdimon-syscalls.o) (__sinit)
D:/Installed Programs/STM32CubeIDE_1.13.2/STM32CubeIDE/plugins/com.st.stm32cube.ide.mcu.externaltools.gnu-tools-for-stm32.11.3.rel1.win32_1.1.1.202309131626/tools/bin/../lib/gcc/arm-none-eabi/11.3.1/../../../../arm-none-eabi/lib/thumb/v7e-m+fp/hard\libc_nano.a(libc_a-fwalk.o)
                              D:/Installed Programs/STM32CubeIDE_1.13.2/STM32CubeIDE/plugins/com.st.stm32cube.ide.mcu.externaltools.gnu-tools-for-stm32.11.3.rel1.win32_1.1.1.202309131626/tools/bin/../lib/gcc/arm-none-eabi/11.3.1/../../../../arm-none-eabi/lib/thumb/v7e-m+fp/hard\libc_nano.a(libc_a-findfp.o) (_fwalk_sglue)
D:/Installed Programs/STM32CubeIDE_1.13.2/STM32CubeIDE/plugins/com.st.stm32cube.ide.mcu.externaltools.gnu-tools-for-stm32.11.3.rel1.win32_1.1.1.202309131626/tools/bin/../lib/gcc/arm-none-eabi/11.3.1/../../../../arm-none-eabi/lib/thumb/v7e-m+fp/hard\libc_nano.a(libc_a-stdio.o)
                              D:/Installed Programs/STM32CubeIDE_1.13.2/STM32CubeIDE/plugins/com.st.stm32cube.ide.mcu.externaltools.gnu-tools-for-stm32.11.3.rel1.win32_1.1.1.202309131626/tools/bin/../lib/gcc/arm-none-eabi/11.3.1/../../../../arm-none-eabi/lib/thumb/v7e-m+fp/hard\libc_nano.a(libc_a-findfp.o) (__sread)
D:/Installed Programs/STM32CubeIDE_1.13.2/STM32CubeIDE/plugins/com.st.stm32cube.ide.mcu.externaltools.gnu-tools-for-stm32.11.3.rel1.win32_1.1.1.202309131626/tools/bin/../lib/gcc/arm-none-eabi/11.3.1/../../../../arm-none-eabi/lib/thumb/v7e-m+fp/hard\libc_nano.a(libc_a-memset.o)
                              D:/Installed Programs/STM32CubeIDE_1.13.2/STM32CubeIDE/plugins/com.st.stm32cube.ide.mcu.externaltools.gnu-tools-for-stm32.11.3.rel1.win32_1.1.1.202309131626/tools/bin/../lib/gcc/arm-none-eabi/11.3.1/../../../../arm-none-eabi/lib/thumb/v7e-m+fp/hard/rdimon-crt0.o (memset)
D:/Installed Programs/STM32CubeIDE_1.13.2/STM32CubeIDE/plugins/com.st.stm32cube.ide.mcu.externaltools.gnu-tools-for-stm32.11.3.rel1.win32_1.1.1.202309131626/tools/bin/../lib/gcc/arm-none-eabi/11.3.1/../../../../arm-none-eabi/lib/thumb/v7e-m+fp/hard\libc_nano.a(libc_a-closer.o)
                              D:/Installed Programs/STM32CubeIDE_1.13.2/STM32CubeIDE/plugins/com.st.stm32cube.ide.mcu.externaltools.gnu-tools-for-stm32.11.3.rel1.win32_1.1.1.202309131626/tools/bin/../lib/gcc/arm-none-eabi/11.3.1/../../../../arm-none-eabi/lib/thumb/v7e-m+fp/hard\libc_nano.a(libc_a-stdio.o) (_close_r)
D:/Installed Programs/STM32CubeIDE_1.13.2/STM32CubeIDE/plugins/com.st.stm32cube.ide.mcu.externaltools.gnu-tools-for-stm32.11.3.rel1.win32_1.1.1.202309131626/tools/bin/../lib/gcc/arm-none-eabi/11.3.1/../../../../arm-none-eabi/lib/thumb/v7e-m+fp/hard\libc_nano.a(libc_a-reent.o)
                              D:/Installed Programs/STM32CubeIDE_1.13.2/STM32CubeIDE/plugins/com.st.stm32cube.ide.mcu.externaltools.gnu-tools-for-stm32.11.3.rel1.win32_1.1.1.202309131626/tools/bin/../lib/gcc/arm-none-eabi/11.3.1/../../../../arm-none-eabi/lib/thumb/v7e-m+fp/hard\libc_nano.a(libc_a-closer.o) (errno)
[...]
Memory Configuration

Name             Origin             Length             Attributes
RAM              0x0000000020000000 0x0000000000010000 xrw
FLASH            0x0000000008000000 0x0000000000040000 xr
*default*        0x0000000000000000 0xffffffffffffffff

Linker script and memory map

LOAD D:/Installed Programs/STM32CubeIDE_1.13.2/STM32CubeIDE/plugins/com.st.stm32cube.ide.mcu.externaltools.gnu-tools-for-stm32.11.3.rel1.win32_1.1.1.202309131626/tools/bin/../lib/gcc/arm-none-eabi/11.3.1/thumb/v7e-m+fp/hard/crti.o
LOAD D:/Installed Programs/STM32CubeIDE_1.13.2/STM32CubeIDE/plugins/com.st.stm32cube.ide.mcu.externaltools.gnu-tools-for-stm32.11.3.rel1.win32_1.1.1.202309131626/tools/bin/../lib/gcc/arm-none-eabi/11.3.1/thumb/v7e-m+fp/hard/crtbegin.o
LOAD D:/Installed Programs/STM32CubeIDE_1.13.2/STM32CubeIDE/plugins/com.st.stm32cube.ide.mcu.externaltools.gnu-tools-for-stm32.11.3.rel1.win32_1.1.1.202309131626/tools/bin/../lib/gcc/arm-none-eabi/11.3.1/../../../../arm-none-eabi/lib/thumb/v7e-m+fp/hard/rdimon-crt0.o
LOAD ./Src/HAL/BUTTON/BUTTON_Lcfg.o
LOAD ./Src/HAL/BUTTON/BUTTON_program.o
LOAD ./Src/HAL/LED/LED_LCFG.o
LOAD ./Src/HAL/LED/LED_program.o
LOAD ./Src/HAL/LEDMAT/LEDMAT_LCFG.o
LOAD ./Src/HAL/LEDMAT/LEDMAT_font.o
LOAD ./Src/HAL/LEDMAT/LEDMAT_program.o
LOAD ./Src/MCAL/EXTI/EXTI_Lcfg.o
LOAD ./Src/MCAL/EXTI/EXTI_program.o
LOAD ./Src/MCAL/GPIO/GPIO_program.o
LOAD ./Src/MCAL/NVIC/NVIC_program.o
LOAD ./Src/MCAL/RCC/RCC_program.o
LOAD ./Src/MCAL/SCB/SCB_program.o
LOAD ./Src/MCAL/SYSTICK/SYSTICK_program.o
LOAD ./Src/main.o
LOAD ./Src/sysmem.o
LOAD ./Startup/System_Init.o
LOAD ./Startup/startup_stm32f401ccux.o
LOAD D:/Installed Programs/STM32CubeIDE_1.13.2/STM32CubeIDE/plugins/com.st.stm32cube.ide.mcu.externaltools.gnu-tools-for-stm32.11.3.rel1.win32_1.1.1.202309131626/tools/bin/../lib/gcc/arm-none-eabi/11.3.1/../../../../arm-none-eabi/lib/thumb/v7e-m+fp/hard\librdimon_nano.a
START GROUP
LOAD D:/Installed Programs/STM32CubeIDE_1.13.2/STM32CubeIDE/plugins/com.st.stm32cube.ide.mcu.externaltools.gnu-tools-for-stm32.11.3.rel1.win32_1.1.1.202309131626/tools/bin/../lib/gcc/arm-none-eabi/11.3.1/../../../../arm-none-eabi/lib/thumb/v7e-m+fp/hard\libc_nano.a
LOAD D:/Installed Programs/STM32CubeIDE_1.13.2/STM32CubeIDE/plugins/com.st.stm32cube.ide.mcu.externaltools.gnu-tools-for-stm32.11.3.rel1.win32_1.1.1.202309131626/tools/bin/../lib/gcc/arm-none-eabi/11.3.1/../../../../arm-none-eabi/lib/thumb/v7e-m+fp/hard\libm.a
END GROUP
START GROUP
LOAD D:/Installed Programs/STM32CubeIDE_1.13.2/STM32CubeIDE/plugins/com.st.stm32cube.ide.mcu.externaltools.gnu-tools-for-stm32.11.3.rel1.win32_1.1.1.202309131626/tools/bin/../lib/gcc/arm-none-eabi/11.3.1/thumb/v7e-m+fp/hard\libgcc.a
LOAD D:/Installed Programs/STM32CubeIDE_1.13.2/STM32CubeIDE/plugins/com.st.stm32cube.ide.mcu.externaltools.gnu-tools-for-stm32.11.3.rel1.win32_1.1.1.202309131626/tools/bin/../lib/gcc/arm-none-eabi/11.3.1/../../../../arm-none-eabi/lib/thumb/v7e-m+fp/hard\libc_nano.a
END GROUP
START GROUP
LOAD D:/Installed Programs/STM32CubeIDE_1.13.2/STM32CubeIDE/plugins/com.st.stm32cube.ide.mcu.externaltools.gnu-tools-for-stm32.11.3.rel1.win32_1.1.1.202309131626/tools/bin/../lib/gcc/arm-none-eabi/11.3.1/thumb/v7e-m+fp/hard\libgcc.a
LOAD D:/Installed Programs/STM32CubeIDE_1.13.2/STM32CubeIDE/plugins/com.st.stm32cube.ide.mcu.externaltools.gnu-tools-for-stm32.11.3.rel1.win32_1.1.1.202309131626/tools/bin/../lib/gcc/arm-none-eabi/11.3.1/../../../../arm-none-eabi/lib/thumb/v7e-m+fp/hard\libc_nano.a
LOAD D:/Installed Programs/STM32CubeIDE_1.13.2/STM32CubeIDE/plugins/com.st.stm32cube.ide.mcu.externaltools.gnu-tools-for-stm32.11.3.rel1.win32_1.1.1.202309131626/tools/bin/../lib/gcc/arm-none-eabi/11.3.1/../../../../arm-none-eabi/lib/thumb/v7e-m+fp/hard\libnosys.a
END GROUP
START GROUP
LOAD D:/Installed Programs/STM32CubeIDE_1.13.2/STM32CubeIDE/plugins/com.st.stm32cube.ide.mcu.externaltools.gnu-tools-for-stm32.11.3.rel1.win32_1.1.1.202309131626/tools/bin/../lib/gcc/arm-none-eabi/11.3.1/thumb/v7e-m+fp/hard\libgcc.a
LOAD D:/Installed Programs/STM32CubeIDE_1.13.2/STM32CubeIDE/plugins/com.st.stm32cube.ide.mcu.externaltools.gnu-tools-for-stm32.11.3.rel1.win32_1.1.1.202309131626/tools/bin/../lib/gcc/arm-none-eabi/11.3.1/../../../../arm-none-eabi/lib/thumb/v7e-m+fp/hard\libc_nano.a
LOAD D:/Installed Programs/STM32CubeIDE_1.13.2/STM32CubeIDE/plugins/com.st.stm32cube.ide.mcu.externaltools.gnu-tools-for-stm32.11.3.rel1.win32_1.1.1.202309131626/tools/bin/../lib/gcc/arm-none-eabi/11.3.1/../../../../arm-none-eabi/lib/thumb/v7e-m+fp/hard\librdimon_nano.a
END GROUP
START GROUP
LOAD D:/Installed Programs/STM32CubeIDE_1.13.2/STM32CubeIDE/plugins/com.st.stm32cube.ide.mcu.externaltools.gnu-tools-for-stm32.11.3.rel1.win32_1.1.1.202309131626/tools/bin/../lib/gcc/arm-none-eabi/11.3.1/thumb/v7e-m+fp/hard\libgcc.a
LOAD D:/Installed Programs/STM32CubeIDE_1.13.2/STM32CubeIDE/plugins/com.st.stm32cube.ide.mcu.externaltools.gnu-tools-for-stm32.11.3.rel1.win32_1.1.1.202309131626/tools/bin/../lib/gcc/arm-none-eabi/11.3.1/../../../../arm-none-eabi/lib/thumb/v7e-m+fp/hard\libc_nano.a
LOAD D:/Installed Programs/STM32CubeIDE_1.13.2/STM32CubeIDE/plugins/com.st.stm32cube.ide.mcu.externaltools.gnu-tools-for-stm32.11.3.rel1.win32_1.1.1.202309131626/tools/bin/../lib/gcc/arm-none-eabi/11.3.1/../../../../arm-none-eabi/lib/thumb/v7e-m+fp/hard\librdimon_nano.a
LOAD D:/Installed Programs/STM32CubeIDE_1.13.2/STM32CubeIDE/plugins/com.st.stm32cube.ide.mcu.externaltools.gnu-tools-for-stm32.11.3.rel1.win32_1.1.1.202309131626/tools/bin/../lib/gcc/arm-none-eabi/11.3.1/../../../../arm-none-eabi/lib/thumb/v7e-m+fp/hard\libnosys.a
END GROUP
LOAD D:/Installed Programs/STM32CubeIDE_1.13.2/STM32CubeIDE/plugins/com.st.stm32cube.ide.mcu.externaltools.gnu-tools-for-stm32.11.3.rel1.win32_1.1.1.202309131626/tools/bin/../lib/gcc/arm-none-eabi/11.3.1/thumb/v7e-m+fp/hard/crtend.o
LOAD D:/Installed Programs/STM32CubeIDE_1.13.2/STM32CubeIDE/plugins/com.st.stm32cube.ide.mcu.externaltools.gnu-tools-for-stm32.11.3.rel1.win32_1.1.1.202309131626/tools/bin/../lib/gcc/arm-none-eabi/11.3.1/thumb/v7e-m+fp/hard/crtn.o
                0x0000000020010000                _estack = (ORIGIN (RAM) + LENGTH (RAM))
                0x0000000000000200                _Min_Heap_Size = 0x200
                0x0000000000000400                _Min_Stack_Size = 0x400

.isr_vector     0x0000000008000000      0x194
                0x0000000008000000                . = ALIGN (0x4)
 *(.isr_vector)
 .isr_vector    0x0000000008000000      0x194 ./Startup/startup_stm32f401ccux.o
                0x0000000008000000                g_pfnVectors
                0x0000000008000194                . = ALIGN (0x4)

.text           0x0000000008000194      0xdd0
                0x0000000008000194                . = ALIGN (0x4)
 *(.text)
 .text          0x0000000008000194       0x40 D:/Installed Programs/STM32CubeIDE_1.13.2/STM32CubeIDE/plugins/com.st.stm32cube.ide.mcu.externaltools.gnu-tools-for-stm32.11.3.rel1.win32_1.1.1.202309131626/tools/bin/../lib/gcc/arm-none-eabi/11.3.1/thumb/v7e-m+fp/hard/crtbegin.o
 *(.text*)
 .text.HButton_init
                0x00000000080001d4       0x88 ./Src/HAL/BUTTON/BUTTON_program.o
                0x00000000080001d4                HButton_init
 .text.LED_voidInit
                0x000000000800025c       0x88 ./Src/HAL/LED/LED_program.o
                0x000000000800025c                LED_voidInit
 .text.LED_voidOn
                0x00000000080002e4       0x26 ./Src/HAL/LED/LED_program.o
                0x00000000080002e4                LED_voidOn
 .text.LED_voidOff
                0x000000000800030a       0x26 ./Src/HAL/LED/LED_program.o
                0x000000000800030a                LED_voidOff
 .text.LED_voidToggle
                0x0000000008000330       0x2e ./Src/HAL/LED/LED_program.o
                0x0000000008000330                LED_voidToggle
 *fill*         0x000000000800035e        0x2 
 .text.MEXTI_voidInit
                0x0000000008000360      0x21c ./Src/MCAL/EXTI/EXTI_program.o
                0x0000000008000360                MEXTI_voidInit
 .text.MEXTI_voidClearPendingFlag
                0x000000000800057c       0x30 ./Src/MCAL/EXTI/EXTI_program.o
                0x000000000800057c                MEXTI_voidClearPendingFlag
 .text.MEXTI_u8GetPendingFlag
                0x00000000080005ac       0x2c ./Src/MCAL/EXTI/EXTI_program.o
                0x00000000080005ac                MEXTI_u8GetPendingFlag
 .text.EXTI0_IRQHandler
                0x00000000080005d8       0x20 ./Src/MCAL/EXTI/EXTI_program.o
                0x00000000080005d8                EXTI0_IRQHandler
 .text.EXTI1_IRQHandler
                0x00000000080005f8       0x20 ./Src/MCAL/EXTI/EXTI_program.o
                0x00000000080005f8                EXTI1_IRQHandler
 .text.EXTI2_IRQHandler
                0x0000000008000618       0x20 ./Src/MCAL/EXTI/EXTI_program.o
                0x0000000008000618                EXTI2_IRQHandler
 .text.EXTI3_IRQHandler
                0x0000000008000638       0x20 ./Src/MCAL/EXTI/EXTI_program.o
                0x0000000008000638                EXTI3_IRQHandler
 .text.EXTI4_IRQHandler
                0x0000000008000658       0x20 ./Src/MCAL/EXTI/EXTI_program.o
                0x0000000008000658                EXTI4_IRQHandler
 .text.EXTI9_5_IRQHandler
                0x0000000008000678       0xb4 ./Src/MCAL/EXTI/EXTI_program.o
                0x0000000008000678                EXTI9_5_IRQHandler
 .text.EXTI15_10_IRQHandler
                0x000000000800072c       0xd8 ./Src/MCAL/EXTI/EXTI_program.o
                0x000000000800072c                EXTI15_10_IRQHandler
 .text.GPIO_voidSetPinMode
                0x0000000008000804       0xb4 ./Src/MCAL/GPIO/GPIO_program.o
                0x0000000008000804                GPIO_voidSetPinMode
 .text.GPIO_voidSetPinOutputMode
                0x00000000080008b8       0xa4 ./Src/MCAL/GPIO/GPIO_program.o
                0x00000000080008b8                GPIO_voidSetPinOutputMode
 .text.GPIO_voidSetPinOutputSpeed
                0x000000000800095c       0xb4 ./Src/MCAL/GPIO/GPIO_program.o
                0x000000000800095c                GPIO_voidSetPinOutputSpeed
 .text.GPIO_voidSetPinValue
                0x0000000008000a10       0xc0 ./Src/MCAL/GPIO/GPIO_program.o
                0x0000000008000a10                GPIO_voidSetPinValue
 .text.GPIO_voidSetPinPullUpDownResistor
                0x0000000008000ad0       0xb4 ./Src/MCAL/GPIO/GPIO_program.o
                0x0000000008000ad0                GPIO_voidSetPinPullUpDownResistor
 .text.MNVIC_voidInit
                0x0000000008000b84        0xc ./Src/MCAL/NVIC/NVIC_program.o
                0x0000000008000b84                MNVIC_voidInit
 .text.MNVIC_voidEnableIRQ
                0x0000000008000b90       0x3c ./Src/MCAL/NVIC/NVIC_program.o
                0x0000000008000b90                MNVIC_voidEnableIRQ
 .text.RCC_void_HSI_Init
                0x0000000008000bcc       0x60 ./Src/MCAL/RCC/RCC_program.o
 .text.RCC_void_AHB1Prescaler_Init
                0x0000000008000c2c       0x2c ./Src/MCAL/RCC/RCC_program.o
 .text.RCC_void_APB1Prescaler_Init
                0x0000000008000c58       0x28 ./Src/MCAL/RCC/RCC_program.o
 .text.RCC_void_APB2Prescaler_Init
                0x0000000008000c80       0x28 ./Src/MCAL/RCC/RCC_program.o
 .text.RCC_voidInit
                0x0000000008000ca8       0x18 ./Src/MCAL/RCC/RCC_program.o
                0x0000000008000ca8                RCC_voidInit
 .text.RCC_voidEnablePeripheralClock
                0x0000000008000cc0       0x80 ./Src/MCAL/RCC/RCC_program.o
                0x0000000008000cc0                RCC_voidEnablePeripheralClock
 .text.MSCB_voidSetPriorityGrouping
                0x0000000008000d40       0x48 ./Src/MCAL/SCB/SCB_program.o
                0x0000000008000d40                MSCB_voidSetPriorityGrouping
 .text.MSysTick_voidInit
                0x0000000008000d88       0x38 ./Src/MCAL/SYSTICK/SYSTICK_program.o
                0x0000000008000d88                MSysTick_voidInit
 .text.MSysTick_voidDeInit
                0x0000000008000dc0       0x38 ./Src/MCAL/SYSTICK/SYSTICK_program.o
                0x0000000008000dc0                MSysTick_voidDeInit
 .text.SysTick_Handler
                0x0000000008000df8       0x2c ./Src/MCAL/SYSTICK/SYSTICK_program.o
                0x0000000008000df8                SysTick_Handler
 .text.EXTI0_Handler
                0x0000000008000e24       0x14 ./Src/main.o
                0x0000000008000e24                EXTI0_Handler
 .text.EXTI1_Handler
                0x0000000008000e38       0x14 ./Src/main.o
                0x0000000008000e38                EXTI1_Handler
 .text.main     0x0000000008000e4c       0x50 ./Src/main.o
                0x0000000008000e4c                main
 .text.SystemInit
                0x0000000008000e9c       0x14 ./Startup/System_Init.o
                0x0000000008000e9c                SystemInit
 .text.Reset_Handler
                0x0000000008000eb0       0x50 ./Startup/startup_stm32f401ccux.o
                0x0000000008000eb0                Reset_Handler
 .text.Default_Handler
                0x0000000008000f00        0x2 ./Startup/startup_stm32f401ccux.o
                0x0000000008000f00                DebugMon_Handler
                0x0000000008000f00                SPI4_IRQHandler
                0x0000000008000f00                TIM1_CC_IRQHandler
                0x0000000008000f00                DMA2_Stream5_IRQHandler
                0x0000000008000f00                HardFault_Handler
                0x0000000008000f00                DMA1_Stream5_IRQHandler
                0x0000000008000f00                SDIO_IRQHandler
                0x0000000008000f00                TAMP_STAMP_IRQHandler
                0x0000000008000f00                PendSV_Handler
                0x0000000008000f00                NMI_Handler
                0x0000000008000f00                TIM1_UP_TIM10_IRQHandler
                0x0000000008000f00                I2C3_ER_IRQHandler
                0x0000000008000f00                EXTI18_OTG_FS_WKUP_IRQHandler
                0x0000000008000f00                I2C2_EV_IRQHandler
                0x0000000008000f00                DMA1_Stream2_IRQHandler
                0x0000000008000f00                UsageFault_Handler
                0x0000000008000f00                DMA2_Stream2_IRQHandler
                0x0000000008000f00                SPI1_IRQHandler
                0x0000000008000f00                TIM1_BRK_TIM9_IRQHandler
                0x0000000008000f00                DMA2_Stream3_IRQHandler
                0x0000000008000f00                USART6_IRQHandler
                0x0000000008000f00                DMA2_Stream0_IRQHandler
                0x0000000008000f00                TIM4_IRQHandler
                0x0000000008000f00                I2C1_EV_IRQHandler
                0x0000000008000f00                DMA1_Stream6_IRQHandler
                0x0000000008000f00                DMA1_Stream1_IRQHandler
                0x0000000008000f00                TIM3_IRQHandler
                0x0000000008000f00                RCC_IRQHandler
                0x0000000008000f00                Default_Handler
                0x0000000008000f00                ADC_IRQHandler
                0x0000000008000f00                DMA1_Stream7_IRQHandler
                0x0000000008000f00                TIM5_IRQHandler
                0x0000000008000f00                DMA2_Stream7_IRQHandler
                0x0000000008000f00                I2C3_EV_IRQHandler
                0x0000000008000f00                SPI2_IRQHandler
                0x0000000008000f00                MemManage_Handler
                0x0000000008000f00                DMA1_Stream0_IRQHandler
                0x0000000008000f00                SVC_Handler
                0x0000000008000f00                EXTI22_RTC_WKUP_IRQHandler
                0x0000000008000f00                TIM2_IRQHandler
                0x0000000008000f00                EXTI16_PVD_IRQHandler
                0x0000000008000f00                TIM1_TRG_COM_TIM11_IRQHandler
                0x0000000008000f00                EXTI17_RTC_Alarm_IRQHandler
                0x0000000008000f00                USART2_IRQHandler
                0x0000000008000f00                I2C2_ER_IRQHandler
                0x0000000008000f00                DMA2_Stream1_IRQHandler
                0x0000000008000f00                FLASH_IRQHandler
                0x0000000008000f00                DMA2_Stream4_IRQHandler
                0x0000000008000f00                BusFault_Handler
                0x0000000008000f00                USART1_IRQHandler
                0x0000000008000f00                OTG_FS_IRQHandler
                0x0000000008000f00                SPI3_IRQHandler
                0x0000000008000f00                DMA1_Stream4_IRQHandler
                0x0000000008000f00                I2C1_ER_IRQHandler
                0x0000000008000f00                DMA2_Stream6_IRQHandler
                0x0000000008000f00                DMA1_Stream3_IRQHandler
 *fill*         0x0000000008000f02        0x2 
 .text.__libc_init_array
                0x0000000008000f04       0x48 D:/Installed Programs/STM32CubeIDE_1.13.2/STM32CubeIDE/plugins/com.st.stm32cube.ide.mcu.externaltools.gnu-tools-for-stm32.11.3.rel1.win32_1.1.1.202309131626/tools/bin/../lib/gcc/arm-none-eabi/11.3.1/../../../../arm-none-eabi/lib/thumb/v7e-m+fp/hard\libc_nano.a(libc_a-init.o)
                0x0000000008000f04                __libc_init_array
 *(.glue_7)
 .glue_7        0x0000000008000f4c        0x0 linker stubs
 *(.glue_7t)
 .glue_7t       0x0000000008000f4c        0x0 linker stubs
 *(.eh_frame)
 .eh_frame      0x0000000008000f4c        0x0 D:/Installed Programs/STM32CubeIDE_1.13.2/STM32CubeIDE/plugins/com.st.stm32cube.ide.mcu.externaltools.gnu-tools-for-stm32.11.3.rel1.win32_1.1.1.202309131626/tools/bin/../lib/gcc/arm-none-eabi/11.3.1/thumb/v7e-m+fp/hard/crtbegin.o
 *(.init)
 .init          0x0000000008000f4c        0x4 D:/Installed Programs/STM32CubeIDE_1.13.2/STM32CubeIDE/plugins/com.st.stm32cube.ide.mcu.externaltools.gnu-tools-for-stm32.11.3.rel1.win32_1.1.1.202309131626/tools/bin/../lib/gcc/arm-none-eabi/11.3.1/thumb/v7e-m+fp/hard/crti.o
                0x0000000008000f4c                _init
 .init          0x0000000008000f50        0x8 D:/Installed Programs/STM32CubeIDE_1.13.2/STM32CubeIDE/plugins/com.st.stm32cube.ide.mcu.externaltools.gnu-tools-for-stm32.11.3.rel1.win32_1.1.1.202309131626/tools/bin/../lib/gcc/arm-none-eabi/11.3.1/thumb/v7e-m+fp/hard/crtn.o
 *(.fini)
 .fini          0x0000000008000f58        0x4 D:/Installed Programs/STM32CubeIDE_1.13.2/STM32CubeIDE/plugins/com.st.stm32cube.ide.mcu.externaltools.gnu-tools-for-stm32.11.3.rel1.win32_1.1.1.202309131626/tools/bin/../lib/gcc/arm-none-eabi/11.3.1/thumb/v7e-m+fp/hard/crti.o
                0x0000000008000f58                _fini
 .fini          0x0000000008000f5c        0x8 D:/Installed Programs/STM32CubeIDE_1.13.2/STM32CubeIDE/plugins/com.st.stm32cube.ide.mcu.externaltools.gnu-tools-for-stm32.11.3.rel1.win32_1.1.1.202309131626/tools/bin/../lib/gcc/arm-none-eabi/11.3.1/thumb/v7e-m+fp/hard/crtn.o
                0x0000000008000f64                . = ALIGN (0x4)
                0x0000000008000f64                _etext = .

.vfp11_veneer   0x0000000008000f64        0x0
 .vfp11_veneer  0x0000000008000f64        0x0 linker stubs

.v4_bx          0x0000000008000f64        0x0
 .v4_bx         0x0000000008000f64        0x0 linker stubs

.iplt           0x0000000008000f64        0x0
 .iplt          0x0000000008000f64        0x0 D:/Installed Programs/STM32CubeIDE_1.13.2/STM32CubeIDE/plugins/com.st.stm32cube.ide.mcu.externaltools.gnu-tools-for-stm32.11.3.rel1.win32_1.1.1.202309131626/tools/bin/../lib/gcc/arm-none-eabi/11.3.1/thumb/v7e-m+fp/hard/crtbegin.o

.rel.dyn        0x0000000008000f64        0x0
 .rel.iplt      0x0000000008000f64        0x0 D:/Installed Programs/STM32CubeIDE_1.13.2/STM32CubeIDE/plugins/com.st.stm32cube.ide.mcu.externaltools.gnu-tools-for-stm32.11.3.rel1.win32_1.1.1.202309131626/tools/bin/../lib/gcc/arm-none-eabi/11.3.1/thumb/v7e-m+fp/hard/crtbegin.o

.rodata         0x0000000008000f64        0x0
                0x0000000008000f64                . = ALIGN (0x4)
 *(.rodata)
 *(.rodata*)
                0x0000000008000f64                . = ALIGN (0x4)

.ARM.extab      0x0000000008000f64        0x0
                0x0000000008000f64                . = ALIGN (0x4)
 *(.ARM.extab* .gnu.linkonce.armextab.*)
                0x0000000008000f64                . = ALIGN (0x4)

.ARM            0x0000000008000f64        0x0
                0x0000000008000f64                . = ALIGN (0x4)
                0x0000000008000f64                __exidx_start = .
 *(.ARM.exidx*)
                0x0000000008000f64                __exidx_end = .
                0x0000000008000f64                . = ALIGN (0x4)

.preinit_array  0x0000000008000f64        0x0
                0x0000000008000f64                . = ALIGN (0x4)
                0x0000000008000f64                PROVIDE (__preinit_array_start = .)
 *(.preinit_array*)
                0x0000000008000f64                PROVIDE (__preinit_array_end = .)
                0x0000000008000f64                . = ALIGN (0x4)

.init_array     0x0000000008000f64        0x4
                0x0000000008000f64                . = ALIGN (0x4)
                0x0000000008000f64                PROVIDE (__init_array_start = .)
 *(SORT_BY_NAME(.init_array.*))
 *(.init_array*)
 .init_array    0x0000000008000f64        0x4 D:/Installed Programs/STM32CubeIDE_1.13.2/STM32CubeIDE/plugins/com.st.stm32cube.ide.mcu.externaltools.gnu-tools-for-stm32.11.3.rel1.win32_1.1.1.202309131626/tools/bin/../lib/gcc/arm-none-eabi/11.3.1/thumb/v7e-m+fp/hard/crtbegin.o
                0x0000000008000f68                PROVIDE (__init_array_end = .)
                0x0000000008000f68                . = ALIGN (0x4)

.fini_array     0x0000000008000f68        0x4
                0x0000000008000f68                . = ALIGN (0x4)
                [!provide]                        PROVIDE (__fini_array_start = .)
 *(SORT_BY_NAME(.fini_array.*))
 *(.fini_array*)
 .fini_array    0x0000000008000f68        0x4 D:/Installed Programs/STM32CubeIDE_1.13.2/STM32CubeIDE/plugins/com.st.stm32cube.ide.mcu.externaltools.gnu-tools-for-stm32.11.3.rel1.win32_1.1.1.202309131626/tools/bin/../lib/gcc/arm-none-eabi/11.3.1/thumb/v7e-m+fp/hard/crtbegin.o
                [!provide]                        PROVIDE (__fini_array_end = .)
                0x0000000008000f6c                . = ALIGN (0x4)
                0x0000000008000f6c                _sidata = LOADADDR (.data)

.data           0x0000000020000000       0x14 load address 0x0000000008000f6c
                0x0000000020000000                . = ALIGN (0x4)
                0x0000000020000000                _sdata = .
 *(.data)
 *(.data*)
 .data.btn1     0x0000000020000000        0x4 ./Src/HAL/BUTTON/BUTTON_Lcfg.o
                0x0000000020000000                btn1
 .data.btn2     0x0000000020000004        0x4 ./Src/HAL/BUTTON/BUTTON_Lcfg.o
                0x0000000020000004                btn2
 .data.led_red1
                0x0000000020000008        0x3 ./Src/HAL/LED/LED_LCFG.o
                0x0000000020000008                led_red1
 *fill*         0x000000002000000b        0x1 
 .data.led_yellow1
                0x000000002000000c        0x3 ./Src/HAL/LED/LED_LCFG.o
                0x000000002000000c                led_yellow1
 *fill*         0x000000002000000f        0x1 
 .data.EXTI1_CONFIG
                0x0000000020000010        0x4 ./Src/MCAL/EXTI/EXTI_Lcfg.o
                0x0000000020000010                EXTI1_CONFIG
 *(.RamFunc)
 *(.RamFunc*)
                0x0000000020000014                . = ALIGN (0x4)
                0x0000000020000014                _edata = .

.igot.plt       0x0000000020000014        0x0 load address 0x0000000008000f80
 .igot.plt      0x0000000020000014        0x0 D:/Installed Programs/STM32CubeIDE_1.13.2/STM32CubeIDE/plugins/com.st.stm32cube.ide.mcu.externaltools.gnu-tools-for-stm32.11.3.rel1.win32_1.1.1.202309131626/tools/bin/../lib/gcc/arm-none-eabi/11.3.1/thumb/v7e-m+fp/hard/crtbegin.o
                0x0000000020000014                . = ALIGN (0x4)

.bss            0x0000000020000014       0x68 load address 0x0000000008000f80
                0x0000000020000014                _sbss = .
                0x0000000020000014                __bss_start__ = _sbss
 *(.bss)
 .bss           0x0000000020000014       0x1c D:/Installed Programs/STM32CubeIDE_1.13.2/STM32CubeIDE/plugins/com.st.stm32cube.ide.mcu.externaltools.gnu-tools-for-stm32.11.3.rel1.win32_1.1.1.202309131626/tools/bin/../lib/gcc/arm-none-eabi/11.3.1/thumb/v7e-m+fp/hard/crtbegin.o
 *(.bss*)
 .bss.EXTI0_CONFIG
                0x0000000020000030        0x4 ./Src/MCAL/EXTI/EXTI_Lcfg.o
                0x0000000020000030                EXTI0_CONFIG
 .bss.EXTI_pNotificationFunction
                0x0000000020000034       0x40 ./Src/MCAL/EXTI/EXTI_program.o
 .bss.SysTick_CallBack
                0x0000000020000074        0x4 ./Src/MCAL/SYSTICK/SYSTICK_program.o
                0x0000000020000074                SysTick_CallBack
 .bss.SysTick_Mode
                0x0000000020000078        0x1 ./Src/MCAL/SYSTICK/SYSTICK_program.o
                0x0000000020000078                SysTick_Mode
 *(COMMON)
                0x000000002000007c                . = ALIGN (0x4)
 *fill*         0x0000000020000079        0x3 
                0x000000002000007c                _ebss = .
                0x000000002000007c                __bss_end__ = _ebss

._user_heap_stack
                0x000000002000007c      0x604 load address 0x0000000008000f80
                0x0000000020000080                . = ALIGN (0x8)
 *fill*         0x000000002000007c        0x4 
                0x0000000020000080                PROVIDE (end = .)
                0x0000000020000080                PROVIDE (_end = .)
                0x0000000020000280                . = (. + _Min_Heap_Size)
 *fill*         0x0000000020000080      0x200 
                0x0000000020000680                . = (. + _Min_Stack_Size)
 *fill*         0x0000000020000280      0x400 
                0x0000000020000680                . = ALIGN (0x8)

/DISCARD/
 libc.a(*)
 libm.a(*)
 libgcc.a(*)

.ARM.attributes
                0x0000000000000000       0x30
 *(.ARM.attributes)
 .ARM.attributes
                0x0000000000000000       0x1e D:/Installed Programs/STM32CubeIDE_1.13.2/STM32CubeIDE/plugins/com.st.stm32cube.ide.mcu.externaltools.gnu-tools-for-stm32.11.3.rel1.win32_1.1.1.202309131626/tools/bin/../lib/gcc/arm-none-eabi/11.3.1/thumb/v7e-m+fp/hard/crti.o
 .ARM.attributes
                0x000000000000001e       0x34 D:/Installed Programs/STM32CubeIDE_1.13.2/STM32CubeIDE/plugins/com.st.stm32cube.ide.mcu.externaltools.gnu-tools-for-stm32.11.3.rel1.win32_1.1.1.202309131626/tools/bin/../lib/gcc/arm-none-eabi/11.3.1/thumb/v7e-m+fp/hard/crtbegin.o
 .ARM.attributes
                0x0000000000000052       0x34 ./Src/HAL/BUTTON/BUTTON_Lcfg.o
 .ARM.attributes
                0x0000000000000086       0x34 ./Src/HAL/BUTTON/BUTTON_program.o
 .ARM.attributes
                0x00000000000000ba       0x34 ./Src/HAL/LED/LED_LCFG.o
 .ARM.attributes
                0x00000000000000ee       0x34 ./Src/HAL/LED/LED_program.o
 .ARM.attributes
                0x0000000000000122       0x34 ./Src/MCAL/EXTI/EXTI_Lcfg.o
 .ARM.attributes
                0x0000000000000156       0x34 ./Src/MCAL/EXTI/EXTI_program.o
 .ARM.attributes
                0x000000000000018a       0x34 ./Src/MCAL/GPIO/GPIO_program.o
 .ARM.attributes
                0x00000000000001be       0x34 ./Src/MCAL/NVIC/NVIC_program.o
 .ARM.attributes
                0x00000000000001f2       0x34 ./Src/MCAL/RCC/RCC_program.o
 .ARM.attributes
                0x0000000000000226       0x34 ./Src/MCAL/SCB/SCB_program.o
 .ARM.attributes
                0x000000000000025a       0x34 ./Src/MCAL/SYSTICK/SYSTICK_program.o
 .ARM.attributes
                0x000000000000028e       0x34 ./Src/main.o
 .ARM.attributes
                0x00000000000002c2       0x34 ./Startup/System_Init.o
 .ARM.attributes
                0x00000000000002f6       0x21 ./Startup/startup_stm32f401ccux.o
 .ARM.attributes
                0x0000000000000317       0x34 D:/Installed Programs/STM32CubeIDE_1.13.2/STM32CubeIDE/plugins/com.st.stm32cube.ide.mcu.externaltools.gnu-tools-for-stm32.11.3.rel1.win32_1.1.1.202309131626/tools/bin/../lib/gcc/arm-none-eabi/11.3.1/../../../../arm-none-eabi/lib/thumb/v7e-m+fp/hard\libc_nano.a(libc_a-init.o)
 .ARM.attributes
                0x000000000000034b       0x1e D:/Installed Programs/STM32CubeIDE_1.13.2/STM32CubeIDE/plugins/com.st.stm32cube.ide.mcu.externaltools.gnu-tools-for-stm32.11.3.rel1.win32_1.1.1.202309131626/tools/bin/../lib/gcc/arm-none-eabi/11.3.1/thumb/v7e-m+fp/hard/crtn.o
OUTPUT(STM32F401CCU6_COTS.elf elf32-littlearm)
LOAD linker stubs
LOAD D:/Installed Programs/STM32CubeIDE_1.13.2/STM32CubeIDE/plugins/com.st.stm32cube.ide.mcu.externaltools.gnu-tools-for-stm32.11.3.rel1.win32_1.1.1.202309131626/tools/bin/../lib/gcc/arm-none-eabi/11.3.1/../../../../arm-none-eabi/lib/thumb/v7e-m+fp/hard\libc.a
LOAD D:/Installed Programs/STM32CubeIDE_1.13.2/STM32CubeIDE/plugins/com.st.stm32cube.ide.mcu.externaltools.gnu-tools-for-stm32.11.3.rel1.win32_1.1.1.202309131626/tools/bin/../lib/gcc/arm-none-eabi/11.3.1/../../../../arm-none-eabi/lib/thumb/v7e-m+fp/hard\libm.a
LOAD D:/Installed Programs/STM32CubeIDE_1.13.2/STM32CubeIDE/plugins/com.st.stm32cube.ide.mcu.externaltools.gnu-tools-for-stm32.11.3.rel1.win32_1.1.1.202309131626/tools/bin/../lib/gcc/arm-none-eabi/11.3.1/thumb/v7e-m+fp/hard\libgcc.a

.comment        0x0000000000000000       0x43
 .comment       0x0000000000000000       0x43 D:/Installed Programs/STM32CubeIDE_1.13.2/STM32CubeIDE/plugins/com.st.stm32cube.ide.mcu.externaltools.gnu-tools-for-stm32.11.3.rel1.win32_1.1.1.202309131626/tools/bin/../lib/gcc/arm-none-eabi/11.3.1/thumb/v7e-m+fp/hard/crtbegin.o
                                         0x44 (size before relaxing)
 .comment       0x0000000000000043       0x44 ./Src/HAL/BUTTON/BUTTON_Lcfg.o
 .comment       0x0000000000000043       0x44 ./Src/HAL/BUTTON/BUTTON_program.o
 .comment       0x0000000000000043       0x44 ./Src/HAL/LED/LED_LCFG.o
 .comment       0x0000000000000043       0x44 ./Src/HAL/LED/LED_program.o
 .comment       0x0000000000000043       0x44 ./Src/MCAL/EXTI/EXTI_Lcfg.o
 .comment       0x0000000000000043       0x44 ./Src/MCAL/EXTI/EXTI_program.o
 .comment       0x0000000000000043       0x44 ./Src/MCAL/GPIO/GPIO_program.o
 .comment       0x0000000000000043       0x44 ./Src/MCAL/NVIC/NVIC_program.o
 .comment       0x0000000000000043       0x44 ./Src/MCAL/RCC/RCC_program.o
 .comment       0x0000000000000043       0x44 ./Src/MCAL/SCB/SCB_program.o
 .comment       0x0000000000000043       0x44 ./Src/MCAL/SYSTICK/SYSTICK_program.o
 .comment       0x0000000000000043       0x44 ./Src/main.o
 .comment       0x0000000000000043       0x44 ./Startup/System_Init.o

.debug_info     0x0000000000000000     0x255d
 .debug_info    0x0000000000000000      0x1bb ./Src/HAL/BUTTON/BUTTON_Lcfg.o
 .debug_info    0x00000000000001bb      0x2e2 ./Src/HAL/BUTTON/BUTTON_program.o
 .debug_info    0x000000000000049d      0x208 ./Src/HAL/LED/LED_LCFG.o
 .debug_info    0x00000000000006a5      0x2fe ./Src/HAL/LED/LED_program.o
 .debug_info    0x00000000000009a3      0x1b8 ./Src/MCAL/EXTI/EXTI_Lcfg.o
 .debug_info    0x0000000000000b5b      0x59f ./Src/MCAL/EXTI/EXTI_program.o
 .debug_info    0x00000000000010fa      0x500 ./Src/MCAL/GPIO/GPIO_program.o
 .debug_info    0x00000000000015fa      0x4da ./Src/MCAL/NVIC/NVIC_program.o
 .debug_info    0x0000000000001ad4      0x192 ./Src/MCAL/RCC/RCC_program.o
 .debug_info    0x0000000000001c66      0x158 ./Src/MCAL/SCB/SCB_program.o
 .debug_info    0x0000000000001dbe      0x2d9 ./Src/MCAL/SYSTICK/SYSTICK_program.o
 .debug_info    0x0000000000002097      0x419 ./Src/main.o
 .debug_info    0x00000000000024b0       0x8a ./Startup/System_Init.o
 .debug_info    0x000000000000253a       0x23 ./Startup/startup_stm32f401ccux.o

.debug_abbrev   0x0000000000000000      0xc4d
 .debug_abbrev  0x0000000000000000       0x9c ./Src/HAL/BUTTON/BUTTON_Lcfg.o
 .debug_abbrev  0x000000000000009c      0x126 ./Src/HAL/BUTTON/BUTTON_program.o
 .debug_abbrev  0x00000000000001c2       0x9e ./Src/HAL/LED/LED_LCFG.o
 .debug_abbrev  0x0000000000000260       0xf9 ./Src/HAL/LED/LED_program.o
 .debug_abbrev  0x0000000000000359       0x9e ./Src/MCAL/EXTI/EXTI_Lcfg.o
 .debug_abbrev  0x00000000000003f7      0x17f ./Src/MCAL/EXTI/EXTI_program.o
 .debug_abbrev  0x0000000000000576      0x13f ./Src/MCAL/GPIO/GPIO_program.o
 .debug_abbrev  0x00000000000006b5      0x16f ./Src/MCAL/NVIC/NVIC_program.o
 .debug_abbrev  0x0000000000000824       0x9d ./Src/MCAL/RCC/RCC_program.o
 .debug_abbrev  0x00000000000008c1       0xcf ./Src/MCAL/SCB/SCB_program.o
 .debug_abbrev  0x0000000000000990      0x15a ./Src/MCAL/SYSTICK/SYSTICK_program.o
 .debug_abbrev  0x0000000000000aea       0xf8 ./Src/main.o
 .debug_abbrev  0x0000000000000be2       0x59 ./Startup/System_Init.o
 .debug_abbrev  0x0000000000000c3b       0x12 ./Startup/startup_stm32f401ccux.o

.debug_aranges  0x0000000000000000      0x3b0
 .debug_aranges
                0x0000000000000000       0x18 ./Src/HAL/BUTTON/BUTTON_Lcfg.o
 .debug_aranges
                0x0000000000000018       0x28 ./Src/HAL/BUTTON/BUTTON_program.o
 .debug_aranges
                0x0000000000000040       0x18 ./Src/HAL/LED/LED_LCFG.o
 .debug_aranges
                0x0000000000000058       0x38 ./Src/HAL/LED/LED_program.o
 .debug_aranges
                0x0000000000000090       0x18 ./Src/MCAL/EXTI/EXTI_Lcfg.o
 .debug_aranges
                0x00000000000000a8       0x88 ./Src/MCAL/EXTI/EXTI_program.o
 .debug_aranges
                0x0000000000000130       0x88 ./Src/MCAL/GPIO/GPIO_program.o
 .debug_aranges
                0x00000000000001b8       0x68 ./Src/MCAL/NVIC/NVIC_program.o
 .debug_aranges
                0x0000000000000220       0x70 ./Src/MCAL/RCC/RCC_program.o
 .debug_aranges
                0x0000000000000290       0x28 ./Src/MCAL/SCB/SCB_program.o
 .debug_aranges
                0x00000000000002b8       0x80 ./Src/MCAL/SYSTICK/SYSTICK_program.o
 .debug_aranges
                0x0000000000000338       0x30 ./Src/main.o
 .debug_aranges
                0x0000000000000368       0x20 ./Startup/System_Init.o
 .debug_aranges
                0x0000000000000388       0x28 ./Startup/startup_stm32f401ccux.o

.debug_macro    0x0000000000000000     0x1554
 .debug_macro   0x0000000000000000       0x6f ./Src/HAL/BUTTON/BUTTON_Lcfg.o
 .debug_macro   0x000000000000006f      0xaae ./Src/HAL/BUTTON/BUTTON_Lcfg.o
 .debug_macro   0x0000000000000b1d       0x34 ./Src/HAL/BUTTON/BUTTON_Lcfg.o
 .debug_macro   0x0000000000000b51       0x16 ./Src/HAL/BUTTON/BUTTON_Lcfg.o
 .debug_macro   0x0000000000000b67       0x52 ./Src/HAL/BUTTON/BUTTON_Lcfg.o
 .debug_macro   0x0000000000000bb9       0xe2 ./Src/HAL/BUTTON/BUTTON_Lcfg.o
 .debug_macro   0x0000000000000c9b       0x6f ./Src/HAL/BUTTON/BUTTON_program.o
 .debug_macro   0x0000000000000d0a       0x65 ./Src/HAL/LED/LED_LCFG.o
 .debug_macro   0x0000000000000d6f       0x65 ./Src/HAL/LED/LED_program.o
 .debug_macro   0x0000000000000dd4       0x37 ./Src/MCAL/EXTI/EXTI_Lcfg.o
 .debug_macro   0x0000000000000e0b       0x65 ./Src/MCAL/EXTI/EXTI_program.o
 .debug_macro   0x0000000000000e70       0x28 ./Src/MCAL/EXTI/EXTI_program.o
 .debug_macro   0x0000000000000e98       0x45 ./Src/MCAL/GPIO/GPIO_program.o
 .debug_macro   0x0000000000000edd      0x11e ./Src/MCAL/GPIO/GPIO_program.o
 .debug_macro   0x0000000000000ffb       0x45 ./Src/MCAL/NVIC/NVIC_program.o
 .debug_macro   0x0000000000001040       0x28 ./Src/MCAL/NVIC/NVIC_program.o
 .debug_macro   0x0000000000001068       0x16 ./Src/MCAL/NVIC/NVIC_program.o
 .debug_macro   0x000000000000107e       0x44 ./Src/MCAL/RCC/RCC_program.o
 .debug_macro   0x00000000000010c2       0x3a ./Src/MCAL/RCC/RCC_program.o
 .debug_macro   0x00000000000010fc      0x1f6 ./Src/MCAL/RCC/RCC_program.o
 .debug_macro   0x00000000000012f2       0x44 ./Src/MCAL/SCB/SCB_program.o
 .debug_macro   0x0000000000001336       0x28 ./Src/MCAL/SCB/SCB_program.o
 .debug_macro   0x000000000000135e       0x10 ./Src/MCAL/SCB/SCB_program.o
 .debug_macro   0x000000000000136e       0x3f ./Src/MCAL/SYSTICK/SYSTICK_program.o
 .debug_macro   0x00000000000013ad       0x22 ./Src/MCAL/SYSTICK/SYSTICK_program.o
 .debug_macro   0x00000000000013cf       0x76 ./Src/MCAL/SYSTICK/SYSTICK_program.o
 .debug_macro   0x0000000000001445       0xb9 ./Src/main.o
 .debug_macro   0x00000000000014fe       0x56 ./Startup/System_Init.o

.debug_line     0x0000000000000000     0x20b7
 .debug_line    0x0000000000000000      0x196 ./Src/HAL/BUTTON/BUTTON_Lcfg.o
 .debug_line    0x0000000000000196      0x23a ./Src/HAL/BUTTON/BUTTON_program.o
 .debug_line    0x00000000000003d0      0x20f ./Src/HAL/LED/LED_LCFG.o
 .debug_line    0x00000000000005df      0x29c ./Src/HAL/LED/LED_program.o
 .debug_line    0x000000000000087b       0xa9 ./Src/MCAL/EXTI/EXTI_Lcfg.o
 .debug_line    0x0000000000000924      0x53f ./Src/MCAL/EXTI/EXTI_program.o
 .debug_line    0x0000000000000e63      0x3ea ./Src/MCAL/GPIO/GPIO_program.o
 .debug_line    0x000000000000124d      0x257 ./Src/MCAL/NVIC/NVIC_program.o
 .debug_line    0x00000000000014a4      0x2a2 ./Src/MCAL/RCC/RCC_program.o
 .debug_line    0x0000000000001746       0xf8 ./Src/MCAL/SCB/SCB_program.o
 .debug_line    0x000000000000183e      0x367 ./Src/MCAL/SYSTICK/SYSTICK_program.o
 .debug_line    0x0000000000001ba5      0x338 ./Src/main.o
 .debug_line    0x0000000000001edd      0x15f ./Startup/System_Init.o
 .debug_line    0x000000000000203c       0x7b ./Startup/startup_stm32f401ccux.o

.debug_str      0x0000000000000000     0x649e
 .debug_str     0x0000000000000000     0x3594 ./Src/HAL/BUTTON/BUTTON_Lcfg.o
                                       0x35d8 (size before relaxing)
 .debug_str     0x0000000000003594      0x1ae ./Src/HAL/BUTTON/BUTTON_program.o
                                       0x3741 (size before relaxing)
 .debug_str     0x0000000000003742       0xb9 ./Src/HAL/LED/LED_LCFG.o
                                       0x3588 (size before relaxing)
 .debug_str     0x00000000000037fb      0x185 ./Src/HAL/LED/LED_program.o
                                       0x3734 (size before relaxing)
 .debug_str     0x0000000000003980      0x242 ./Src/MCAL/EXTI/EXTI_Lcfg.o
                                       0x31ac (size before relaxing)
 .debug_str     0x0000000000003bc2      0x6cb ./Src/MCAL/EXTI/EXTI_program.o
                                       0x3adb (size before relaxing)
 .debug_str     0x000000000000428d      0xad6 ./Src/MCAL/GPIO/GPIO_program.o
                                       0x3f46 (size before relaxing)
 .debug_str     0x0000000000004d63      0x2cb ./Src/MCAL/NVIC/NVIC_program.o
                                       0x3623 (size before relaxing)
 .debug_str     0x000000000000502e      0xcfb ./Src/MCAL/RCC/RCC_program.o
                                       0x3f18 (size before relaxing)
 .debug_str     0x0000000000005d29      0x1b4 ./Src/MCAL/SCB/SCB_program.o
                                       0x31f2 (size before relaxing)
 .debug_str     0x0000000000005edd      0x536 ./Src/MCAL/SYSTICK/SYSTICK_program.o
                                       0x34b5 (size before relaxing)
 .debug_str     0x0000000000006413       0x38 ./Src/main.o
                                       0x38c2 (size before relaxing)
 .debug_str     0x000000000000644b       0x24 ./Startup/System_Init.o
                                       0x3279 (size before relaxing)
 .debug_str     0x000000000000646f       0x2f ./Startup/startup_stm32f401ccux.o
                                         0x78 (size before relaxing)

.debug_rnglists
                0x0000000000000000      0x26a
 .debug_rnglists
                0x0000000000000000       0x1a ./Src/HAL/BUTTON/BUTTON_program.o
 .debug_rnglists
                0x000000000000001a       0x26 ./Src/HAL/LED/LED_program.o
 .debug_rnglists
                0x0000000000000040       0x65 ./Src/MCAL/EXTI/EXTI_program.o
 .debug_rnglists
                0x00000000000000a5       0x6a ./Src/MCAL/GPIO/GPIO_program.o
 .debug_rnglists
                0x000000000000010f       0x49 ./Src/MCAL/NVIC/NVIC_program.o
 .debug_rnglists
                0x0000000000000158       0x52 ./Src/MCAL/RCC/RCC_program.o
 .debug_rnglists
                0x00000000000001aa       0x19 ./Src/MCAL/SCB/SCB_program.o
 .debug_rnglists
                0x00000000000001c3       0x5c ./Src/MCAL/SYSTICK/SYSTICK_program.o
 .debug_rnglists
                0x000000000000021f       0x1f ./Src/main.o
 .debug_rnglists
                0x000000000000023e       0x13 ./Startup/System_Init.o
 .debug_rnglists
                0x0000000000000251       0x19 ./Startup/startup_stm32f401ccux.o

.debug_frame    0x0000000000000000      0xb40
 .debug_frame   0x0000000000000000       0x58 ./Src/HAL/BUTTON/BUTTON_program.o
 .debug_frame   0x0000000000000058       0xa0 ./Src/HAL/LED/LED_program.o
 .debug_frame   0x00000000000000f8      0x1e8 ./Src/MCAL/EXTI/EXTI_program.o
 .debug_frame   0x00000000000002e0      0x240 ./Src/MCAL/GPIO/GPIO_program.o
 .debug_frame   0x0000000000000520      0x190 ./Src/MCAL/NVIC/NVIC_program.o
 .debug_frame   0x00000000000006b0      0x18c ./Src/MCAL/RCC/RCC_program.o
 .debug_frame   0x000000000000083c       0x60 ./Src/MCAL/SCB/SCB_program.o
 .debug_frame   0x000000000000089c      0x1e8 ./Src/MCAL/SYSTICK/SYSTICK_program.o
 .debug_frame   0x0000000000000a84       0x64 ./Src/main.o
 .debug_frame   0x0000000000000ae8       0x2c ./Startup/System_Init.o
 .debug_frame   0x0000000000000b14       0x2c D:/Installed Programs/STM32CubeIDE_1.13.2/STM32CubeIDE/plugins/com.st.stm32cube.ide.mcu.externaltools.gnu-tools-for-stm32.11.3.rel1.win32_1.1.1.202309131626/tools/bin/../lib/gcc/arm-none-eabi/11.3.1/../../../../arm-none-eabi/lib/thumb/v7e-m+fp/hard\libc_nano.a(libc_a-init.o)

.debug_line_str
                0x0000000000000000       0x6c
 .debug_line_str
                0x0000000000000000       0x6c ./Startup/startup_stm32f401ccux.o
                                         0x84 (size before relaxing)
